Component: ARM Compiler 5.06 update 6 (build 750) Tool: armlink [4d35ed]

==============================================================================

Section Cross References

    hw_config.o(.text) refers to stm32f10x_rcc.o(.text) for RCC_DeInit
    hw_config.o(.text) refers to stm32f10x_flash.o(.text) for FLASH_PrefetchBufferCmd
    hw_config.o(.text) refers to misc.o(.text) for NVIC_PriorityGroupConfig
    hw_config.o(.text) refers to hw_config.o(.data) for .data
    hw_config.o(.text) refers to usb_pwr.o(.data) for bDeviceState
    hw_config.o(.text) refers to usb_init.o(.bss) for Device_Info
    hw_config.o(.text) refers to usb_desc.o(.data) for CustomHID_StringSerial
    main.o(.text) refers to stm32f10x_rcc.o(.text) for RCC_DeInit
    main.o(.text) refers to stm32f10x_flash.o(.text) for FLASH_PrefetchBufferCmd
    main.o(.text) refers to stm32f10x_spi.o(.text) for SPI_I2S_GetFlagStatus
    main.o(.text) refers to stm32f10x_gpio.o(.text) for GPIO_ResetBits
    main.o(.text) refers to misc.o(.text) for SysTick_CLKSourceConfig
    main.o(.text) refers to main.o(.data) for .data
    main.o(.text) refers to main.o(.bss) for .bss
    main.o(.text) refers to main.o(.constdata) for .constdata
    main.o(.text) refers to hw_config.o(.text) for Set_USBClock
    main.o(.text) refers to usb_init.o(.text) for USB_Init
    main.o(.text) refers to stm32f10x_dma.o(.text) for DMA_DeInit
    stm32f10x_it.o(.text) refers to usb_istr.o(.text) for USB_Istr
    usb_endp.o(.text) refers to usb_regs.o(.text) for SetEPTxStatus
    usb_endp.o(.text) refers to usb_sil.o(.text) for USB_SIL_Read
    usb_endp.o(.text) refers to main.o(.text) for luu_flash
    usb_endp.o(.text) refers to usb_endp.o(.bss) for .bss
    usb_endp.o(.text) refers to main.o(.data) for dangnap
    usb_endp.o(.text) refers to usb_endp.o(.data) for .data
    usb_endp.o(.text) refers to main.o(.bss) for data1
    usb_endp.o(.text) refers to main.o(.constdata) for pass
    usb_endp.o(.text) refers to main.o(.data) for baonap
    usb_istr.o(.text) refers to usb_int.o(.text) for CTR_LP
    usb_istr.o(.text) refers to usb_pwr.o(.text) for Resume
    usb_istr.o(.text) refers to usb_istr.o(.data) for .data
    usb_istr.o(.text) refers to usb_init.o(.data) for wInterrupt_Mask
    usb_istr.o(.text) refers to usb_prop.o(.data) for Device_Property
    usb_istr.o(.text) refers to usb_pwr.o(.data) for fSuspendEnabled
    usb_istr.o(.data) refers to usb_endp.o(.text) for EP1_IN_Callback
    usb_istr.o(.data) refers to usb_core.o(.text) for NOP_Process
    usb_istr.o(.data) refers to usb_endp.o(.text) for EP1_OUT_Callback
    usb_istr.o(.data) refers to usb_core.o(.text) for NOP_Process
    usb_prop.o(.text) refers to hw_config.o(.text) for Get_SerialNum
    usb_prop.o(.text) refers to usb_pwr.o(.text) for PowerOn
    usb_prop.o(.text) refers to usb_sil.o(.text) for USB_SIL_Init
    usb_prop.o(.text) refers to usb_regs.o(.text) for SetBTABLE
    usb_prop.o(.text) refers to usb_core.o(.text) for SetDeviceAddress
    usb_prop.o(.text) refers to usb_init.o(.data) for pInformation
    usb_prop.o(.text) refers to usb_pwr.o(.data) for bDeviceState
    usb_prop.o(.text) refers to usb_desc.o(.constdata) for CustomHID_ConfigDescriptor
    usb_prop.o(.text) refers to usb_prop.o(.data) for .data
    usb_prop.o(.text) refers to main.o(.data) for baonap
    usb_prop.o(.data) refers to usb_desc.o(.constdata) for CustomHID_DeviceDescriptor
    usb_prop.o(.data) refers to usb_desc.o(.constdata) for CustomHID_ConfigDescriptor
    usb_prop.o(.data) refers to usb_desc.o(.constdata) for CustomHID_ReportDescriptor
    usb_prop.o(.data) refers to usb_prop.o(.text) for CustomHID_init
    usb_prop.o(.data) refers to usb_desc.o(.constdata) for CustomHID_StringLangID
    usb_prop.o(.data) refers to usb_desc.o(.constdata) for CustomHID_StringVendor
    usb_prop.o(.data) refers to usb_desc.o(.constdata) for CustomHID_StringProduct
    usb_prop.o(.data) refers to usb_desc.o(.data) for CustomHID_StringSerial
    usb_prop.o(.data) refers to usb_core.o(.text) for NOP_Process
    usb_prop.o(.data) refers to usb_prop.o(.text) for CustomHID_SetConfiguration
    usb_pwr.o(.text) refers to hw_config.o(.text) for USB_Cable_Config
    usb_pwr.o(.text) refers to usb_init.o(.data) for wInterrupt_Mask
    usb_pwr.o(.text) refers to usb_pwr.o(.data) for .data
    usb_core.o(.text) refers to usb_regs.o(.text) for ClearDTOG_TX
    usb_core.o(.text) refers to usb_mem.o(.text) for UserToPMABufferCopy
    usb_core.o(.text) refers to usb_init.o(.data) for pInformation
    usb_core.o(.text) refers to usb_prop.o(.data) for Device_Table
    usb_core.o(.text) refers to usb_core.o(.data) for .data
    usb_core.o(.text) refers to usb_prop.o(.data) for Device_Property
    usb_core.o(.text) refers to usb_int.o(.data) for SaveTState
    usb_init.o(.text) refers to usb_init.o(.bss) for .bss
    usb_init.o(.text) refers to usb_init.o(.data) for .data
    usb_init.o(.text) refers to usb_prop.o(.data) for Device_Property
[...]
    Removing usb_endp.o(.revsh_text), (4 bytes).
    Removing usb_endp.o(.rrx_text), (6 bytes).
    Removing usb_endp.o(.data), (1 bytes).
    Removing usb_endp.o(.data), (4 bytes).
    Removing usb_endp.o(.data), (1 bytes).
    Removing usb_endp.o(.data), (1 bytes).
    Removing usb_endp.o(.data), (4 bytes).
    Removing usb_endp.o(.data), (4 bytes).
    Removing usb_istr.o(.rev16_text), (4 bytes).
    Removing usb_istr.o(.revsh_text), (4 bytes).
    Removing usb_istr.o(.rrx_text), (6 bytes).
    Removing usb_prop.o(.rev16_text), (4 bytes).
    Removing usb_prop.o(.revsh_text), (4 bytes).
    Removing usb_prop.o(.rrx_text), (6 bytes).
    Removing usb_prop.o(.data), (1 bytes).
    Removing usb_pwr.o(.rev16_text), (4 bytes).
    Removing usb_pwr.o(.revsh_text), (4 bytes).
    Removing usb_pwr.o(.rrx_text), (6 bytes).
    Removing usb_core.o(.rev16_text), (4 bytes).
    Removing usb_core.o(.revsh_text), (4 bytes).
    Removing usb_core.o(.rrx_text), (6 bytes).
    Removing usb_init.o(.rev16_text), (4 bytes).
    Removing usb_init.o(.revsh_text), (4 bytes).
    Removing usb_init.o(.rrx_text), (6 bytes).
    Removing usb_init.o(.data), (2 bytes).
    Removing usb_int.o(.rev16_text), (4 bytes).
    Removing usb_int.o(.revsh_text), (4 bytes).
    Removing usb_int.o(.rrx_text), (6 bytes).
    Removing usb_mem.o(.rev16_text), (4 bytes).
    Removing usb_mem.o(.revsh_text), (4 bytes).
    Removing usb_mem.o(.rrx_text), (6 bytes).
    Removing usb_regs.o(.rev16_text), (4 bytes).
    Removing usb_regs.o(.revsh_text), (4 bytes).
    Removing usb_regs.o(.rrx_text), (6 bytes).
    Removing usb_sil.o(.rev16_text), (4 bytes).
    Removing usb_sil.o(.revsh_text), (4 bytes).
    Removing usb_sil.o(.rrx_text), (6 bytes).
    Removing system_stm32f10x.o(.rev16_text), (4 bytes).
    Removing system_stm32f10x.o(.revsh_text), (4 bytes).
    Removing system_stm32f10x.o(.rrx_text), (6 bytes).
    Removing misc.o(.rev16_text), (4 bytes).
    Removing misc.o(.revsh_text), (4 bytes).
    Removing misc.o(.rrx_text), (6 bytes).
    Removing stm32f10x_bkp.o(.rev16_text), (4 bytes).
    Removing stm32f10x_bkp.o(.revsh_text), (4 bytes).
    Removing stm32f10x_bkp.o(.rrx_text), (6 bytes).
    Removing stm32f10x_bkp.o(.text), (152 bytes).
    Removing stm32f10x_dma.o(.rev16_text), (4 bytes).
    Removing stm32f10x_dma.o(.revsh_text), (4 bytes).
    Removing stm32f10x_dma.o(.rrx_text), (6 bytes).
    Removing stm32f10x_exti.o(.rev16_text), (4 bytes).
    Removing stm32f10x_exti.o(.revsh_text), (4 bytes).
    Removing stm32f10x_exti.o(.rrx_text), (6 bytes).
    Removing stm32f10x_exti.o(.text), (232 bytes).
    Removing stm32f10x_flash.o(.rev16_text), (4 bytes).
    Removing stm32f10x_flash.o(.revsh_text), (4 bytes).
    Removing stm32f10x_flash.o(.rrx_text), (6 bytes).
    Removing stm32f10x_gpio.o(.rev16_text), (4 bytes).
    Removing stm32f10x_gpio.o(.revsh_text), (4 bytes).
    Removing stm32f10x_gpio.o(.rrx_text), (6 bytes).
    Removing stm32f10x_pwr.o(.rev16_text), (4 bytes).
    Removing stm32f10x_pwr.o(.revsh_text), (4 bytes).
    Removing stm32f10x_pwr.o(.rrx_text), (6 bytes).
    Removing stm32f10x_pwr.o(.text), (172 bytes).
    Removing stm32f10x_rcc.o(.rev16_text), (4 bytes).
    Removing stm32f10x_rcc.o(.revsh_text), (4 bytes).
    Removing stm32f10x_rcc.o(.rrx_text), (6 bytes).
    Removing stm32f10x_spi.o(.rev16_text), (4 bytes).
    Removing stm32f10x_spi.o(.revsh_text), (4 bytes).
    Removing stm32f10x_spi.o(.rrx_text), (6 bytes).

93 unused section(s) (total 942 bytes) removed from the image.

==============================================================================

Image Symbol Table

    Local Symbols

    Symbol Name                              Value     Ov Type        Size  Object(Section)

    ../clib/angel/boardlib.s                 0x00000000   Number         0  boardinit2.o ABSOLUTE
    ../clib/angel/boardlib.s                 0x00000000   Number         0  boardinit3.o ABSOLUTE
    ../clib/angel/boardlib.s                 0x00000000   Number         0  boardshut.o ABSOLUTE
    ../clib/angel/boardlib.s                 0x00000000   Number         0  boardinit1.o ABSOLUTE
    ../clib/angel/dczerorl2.s                0x00000000   Number         0  __dczerorl2.o ABSOLUTE
    ../clib/angel/handlers.s                 0x00000000   Number         0  __scatter_zi.o ABSOLUTE
    ../clib/angel/kernel.s                   0x00000000   Number         0  rtexit.o ABSOLUTE
    ../clib/angel/kernel.s                   0x00000000   Number         0  rtexit2.o ABSOLUTE
    ../clib/angel/kernel.s                   0x00000000   Number         0  __rtentry4.o ABSOLUTE
    ../clib/angel/kernel.s                   0x00000000   Number         0  __rtentry2.o ABSOLUTE
    ../clib/angel/kernel.s                   0x00000000   Number         0  __rtentry.o ABSOLUTE
    ../clib/angel/rt.s                       0x00000000   Number         0  rt_raise.o ABSOLUTE
    ../clib/angel/scatter.s                  0x00000000   Number         0  __scatter.o ABSOLUTE
    ../clib/angel/startup.s                  0x00000000   Number         0  __main.o ABSOLUTE
    ../clib/angel/sys.s                      0x00000000   Number         0  use_no_semi.o ABSOLUTE
    ../clib/angel/sys.s                      0x00000000   Number         0  libspace.o ABSOLUTE
    ../clib/angel/sys.s                      0x00000000   Number         0  indicate_semi.o ABSOLUTE
    ../clib/angel/sys.s                      0x00000000   Number         0  sys_stackheap_outer.o ABSOLUTE
    ../clib/angel/sysapp.c                   0x00000000   Number         0  sys_command.o ABSOLUTE
    ../clib/angel/sysapp.c                   0x00000000   Number         0  sys_exit.o ABSOLUTE
    ../clib/angel/sysapp.c                   0x00000000   Number         0  sys_wrch.o ABSOLUTE
    ../clib/armsys.c                         0x00000000   Number         0  no_argv.o ABSOLUTE
    ../clib/armsys.c                         0x00000000   Number         0  _get_argv_nomalloc.o ABSOLUTE
    ../clib/armsys.c                         0x00000000   Number         0  argv_veneer.o ABSOLUTE
    ../clib/armsys.c                         0x00000000   Number         0  argv_veneer.o ABSOLUTE
    ../clib/heapalloc.c                      0x00000000   Number         0  hrguard.o ABSOLUTE
    ../clib/heapaux.c                        0x00000000   Number         0  heapauxi.o ABSOLUTE
    ../clib/libinit.s                        0x00000000   Number         0  libshutdown2.o ABSOLUTE
    ../clib/libinit.s                        0x00000000   Number         0  libshutdown.o ABSOLUTE
    ../clib/libinit.s                        0x00000000   Number         0  libinit.o ABSOLUTE
    ../clib/libinit.s                        0x00000000   Number         0  libinit2.o ABSOLUTE
    ../clib/signal.c                         0x00000000   Number         0  defsig_rtred_inner.o ABSOLUTE
    ../clib/signal.c                         0x00000000   Number         0  defsig_general.o ABSOLUTE
    ../clib/signal.c                         0x00000000   Number         0  defsig_abrt_inner.o ABSOLUTE
    ../clib/signal.c                         0x00000000   Number         0  __raise.o ABSOLUTE
    ../clib/signal.c                         0x00000000   Number         0  defsig_rtmem_inner.o ABSOLUTE
    ../clib/signal.c                         0x00000000   Number         0  defsig_exit.o ABSOLUTE
    ../clib/signal.c                         0x00000000   Number         0  defsig_rtmem_outer.o ABSOLUTE
    ../clib/signal.c                         0x00000000   Number         0  defsig_rtmem_formal.o ABSOLUTE
    ../clib/signal.c                         0x00000000   Number         0  defsig_other.o ABSOLUTE
    ../clib/signal.c                         0x00000000   Number         0  defsig_fpe_inner.o ABSOLUTE
    ../clib/signal.c                         0x00000000   Number         0  defsig_segv_inner.o ABSOLUTE
    ../clib/signal.c                         0x00000000   Number         0  defsig_cppl_inner.o ABSOLUTE
    ../clib/signal.c                         0x00000000   Number         0  defsig_pvfn_inner.o ABSOLUTE
    ../clib/signal.c                         0x00000000   Number         0  defsig_stak_inner.o ABSOLUTE
    ../clib/signal.s                         0x00000000   Number         0  defsig.o ABSOLUTE
    ../clib/stdlib.c                         0x00000000   Number         0  exit.o ABSOLUTE
    ../fplib/fpinit.s                        0x00000000   Number         0  fpinit.o ABSOLUTE
    ..\..\..\Libraries\CMSIS\CM3\DeviceSupport\ST\STM32F10x\startup\arm\startup_stm32f10x_ld.s 0x00000000   Number         0  startup_stm32f10x_ld.o ABSOLUTE
    ..\..\..\Libraries\CMSIS\CM3\DeviceSupport\ST\STM32F10x\system_stm32f10x.c 0x00000000   Number         0  system_stm32f10x.o ABSOLUTE
    ..\..\..\Libraries\STM32_USB-FS-Device_Driver\src\otgd_fs_cal.c 0x00000000   Number         0  otgd_fs_cal.o ABSOLUTE
    ..\..\..\Libraries\STM32_USB-FS-Device_Driver\src\otgd_fs_dev.c 0x00000000   Number         0  otgd_fs_dev.o ABSOLUTE
    ..\..\..\Libraries\STM32_USB-FS-Device_Driver\src\otgd_fs_int.c 0x00000000   Number         0  otgd_fs_int.o ABSOLUTE
    ..\..\..\Libraries\STM32_USB-FS-Device_Driver\src\otgd_fs_pcd.c 0x00000000   Number         0  otgd_fs_pcd.o ABSOLUTE
    ..\..\..\Libraries\STM32_USB-FS-Device_Driver\src\usb_core.c 0x00000000   Number         0  usb_core.o ABSOLUTE
    ..\..\..\Libraries\STM32_USB-FS-Device_Driver\src\usb_init.c 0x00000000   Number         0  usb_init.o ABSOLUTE
    ..\..\..\Libraries\STM32_USB-FS-Device_Driver\src\usb_int.c 0x00000000   Number         0  usb_int.o ABSOLUTE
    ..\..\..\Libraries\STM32_USB-FS-Device_Driver\src\usb_mem.c 0x00000000   Number         0  usb_mem.o ABSOLUTE
    ..\..\..\Libraries\STM32_USB-FS-Device_Driver\src\usb_regs.c 0x00000000   Number         0  usb_regs.o ABSOLUTE
    ..\..\..\Libraries\STM32_USB-FS-Device_Driver\src\usb_sil.c 0x00000000   Number         0  usb_sil.o ABSOLUTE
    ..\\..\\..\\Libraries\\CMSIS\\CM3\\DeviceSupport\\ST\\STM32F10x\\system_stm32f10x.c 0x00000000   Number         0  system_stm32f10x.o ABSOLUTE
    ..\\..\\..\\Libraries\\STM32_USB-FS-Device_Driver\\src\\usb_core.c 0x00000000   Number         0  usb_core.o ABSOLUTE
    ..\\..\\..\\Libraries\\STM32_USB-FS-Device_Driver\\src\\usb_init.c 0x00000000   Number         0  usb_init.o ABSOLUTE
    ..\\..\\..\\Libraries\\STM32_USB-FS-Device_Driver\\src\\usb_int.c 0x00000000   Number         0  usb_int.o ABSOLUTE
    ..\\..\\..\\Libraries\\STM32_USB-FS-Device_Driver\\src\\usb_mem.c 0x00000000   Number         0  usb_mem.o ABSOLUTE
    ..\\..\\..\\Libraries\\STM32_USB-FS-Device_Driver\\src\\usb_regs.c 0x00000000   Number         0  usb_regs.o ABSOLUTE
    ..\\..\\..\\Libraries\\STM32_USB-FS-Device_Driver\\src\\usb_sil.c 0x00000000   Number         0  usb_sil.o ABSOLUTE
    ..\\src\\hw_config.c                     0x00000000   Number         0  hw_config.o ABSOLUTE
    ..\\src\\main.c                          0x00000000   Number         0  main.o ABSOLUTE
    ..\\src\\stm32f10x_it.c                  0x00000000   Number         0  stm32f10x_it.o ABSOLUTE
    ..\\src\\usb_desc.c                      0x00000000   Number         0  usb_desc.o ABSOLUTE
    ..\\src\\usb_endp.c                      0x00000000   Number         0  usb_endp.o ABSOLUTE
    ..\\src\\usb_istr.c                      0x00000000   Number         0  usb_istr.o ABSOLUTE
    ..\\src\\usb_prop.c                      0x00000000   Number         0  usb_prop.o ABSOLUTE
    ..\\src\\usb_pwr.c                       0x00000000   Number         0  usb_pwr.o ABSOLUTE
    ..\src\hw_config.c                       0x00000000   Number         0  hw_config.o ABSOLUTE
    ..\src\main.c                            0x00000000   Number         0  main.o ABSOLUTE
    ..\src\stm32f10x_it.c                    0x00000000   Number         0  stm32f10x_it.o ABSOLUTE
    ..\src\usb_desc.c                        0x00000000   Number         0  usb_desc.o ABSOLUTE
    ..\src\usb_endp.c                        0x00000000   Number         0  usb_endp.o ABSOLUTE
    ..\src\usb_istr.c                        0x00000000   Number         0  usb_istr.o ABSOLUTE
    ..\src\usb_prop.c                        0x00000000   Number         0  usb_prop.o ABSOLUTE
    ..\src\usb_pwr.c                         0x00000000   Number         0  usb_pwr.o ABSOLUTE
    C:\Keil_v5\ARM\PACK\Keil\STM32F1xx_DFP\2.1.0\Device\StdPeriph_Driver\src\misc.c 0x00000000   Number         0  misc.o ABSOLUTE
    C:\Keil_v5\ARM\PACK\Keil\STM32F1xx_DFP\2.1.0\Device\StdPeriph_Driver\src\stm32f10x_bkp.c 0x00000000   Number         0  stm32f10x_bkp.o ABSOLUTE
    C:\Keil_v5\ARM\PACK\Keil\STM32F1xx_DFP\2.1.0\Device\StdPeriph_Driver\src\stm32f10x_dma.c 0x00000000   Number         0  stm32f10x_dma.o ABSOLUTE
    C:\Keil_v5\ARM\PACK\Keil\STM32F1xx_DFP\2.1.0\Device\StdPeriph_Driver\src\stm32f10x_exti.c 0x00000000   Number         0  stm32f10x_exti.o ABSOLUTE
    C:\Keil_v5\ARM\PACK\Keil\STM32F1xx_DFP\2.1.0\Device\StdPeriph_Driver\src\stm32f10x_flash.c 0x00000000   Number         0  stm32f10x_flash.o ABSOLUTE
    C:\Keil_v5\ARM\PACK\Keil\STM32F1xx_DFP\2.1.0\Device\StdPeriph_Driver\src\stm32f10x_gpio.c 0x00000000   Number         0  stm32f10x_gpio.o ABSOLUTE
    C:\Keil_v5\ARM\PACK\Keil\STM32F1xx_DFP\2.1.0\Device\StdPeriph_Driver\src\stm32f10x_pwr.c 0x00000000   Number         0  stm32f10x_pwr.o ABSOLUTE
    C:\Keil_v5\ARM\PACK\Keil\STM32F1xx_DFP\2.1.0\Device\StdPeriph_Driver\src\stm32f10x_rcc.c 0x00000000   Number         0  stm32f10x_rcc.o ABSOLUTE
    C:\Keil_v5\ARM\PACK\Keil\STM32F1xx_DFP\2.1.0\Device\StdPeriph_Driver\src\stm32f10x_spi.c 0x00000000   Number         0  stm32f10x_spi.o ABSOLUTE
    C:\\Keil_v5\\ARM\\PACK\\Keil\\STM32F1xx_DFP\\2.1.0\\Device\\StdPeriph_Driver\\src\\misc.c 0x00000000   Number         0  misc.o ABSOLUTE
    C:\\Keil_v5\\ARM\\PACK\\Keil\\STM32F1xx_DFP\\2.1.0\\Device\\StdPeriph_Driver\\src\\stm32f10x_bkp.c 0x00000000   Number         0  stm32f10x_bkp.o ABSOLUTE
    C:\\Keil_v5\\ARM\\PACK\\Keil\\STM32F1xx_DFP\\2.1.0\\Device\\StdPeriph_Driver\\src\\stm32f10x_dma.c 0x00000000   Number         0  stm32f10x_dma.o ABSOLUTE
    C:\\Keil_v5\\ARM\\PACK\\Keil\\STM32F1xx_DFP\\2.1.0\\Device\\StdPeriph_Driver\\src\\stm32f10x_exti.c 0x00000000   Number         0  stm32f10x_exti.o ABSOLUTE
    C:\\Keil_v5\\ARM\\PACK\\Keil\\STM32F1xx_DFP\\2.1.0\\Device\\StdPeriph_Driver\\src\\stm32f10x_flash.c 0x00000000   Number         0  stm32f10x_flash.o ABSOLUTE
    C:\\Keil_v5\\ARM\\PACK\\Keil\\STM32F1xx_DFP\\2.1.0\\Device\\StdPeriph_Driver\\src\\stm32f10x_gpio.c 0x00000000   Number         0  stm32f10x_gpio.o ABSOLUTE
    C:\\Keil_v5\\ARM\\PACK\\Keil\\STM32F1xx_DFP\\2.1.0\\Device\\StdPeriph_Driver\\src\\stm32f10x_pwr.c 0x00000000   Number         0  stm32f10x_pwr.o ABSOLUTE
    C:\\Keil_v5\\ARM\\PACK\\Keil\\STM32F1xx_DFP\\2.1.0\\Device\\StdPeriph_Driver\\src\\stm32f10x_rcc.c 0x00000000   Number         0  stm32f10x_rcc.o ABSOLUTE
    C:\\Keil_v5\\ARM\\PACK\\Keil\\STM32F1xx_DFP\\2.1.0\\Device\\StdPeriph_Driver\\src\\stm32f10x_spi.c 0x00000000   Number         0  stm32f10x_spi.o ABSOLUTE
    dc.s                                     0x00000000   Number         0  dc.o ABSOLUTE
    RESET                                    0x08000000   Section      236  startup_stm32f10x_ld.o(RESET)
    !!!main                                  0x080000ec   Section        8  __main.o(!!!main)
    !!!scatter                               0x080000f4   Section       52  __scatter.o(!!!scatter)
    !!dczerorl2                              0x08000128   Section       90  __dczerorl2.o(!!dczerorl2)
    !!handler_zi                             0x08000184   Section       28  __scatter_zi.o(!!handler_zi)
    .ARM.Collect$$libinit$$00000000          0x080001a0   Section        2  libinit.o(.ARM.Collect$$libinit$$00000000)
    .ARM.Collect$$libinit$$00000002          0x080001a2   Section        0  libinit2.o(.ARM.Collect$$libinit$$00000002)
    .ARM.Collect$$libinit$$00000004          0x080001a2   Section        0  libinit2.o(.ARM.Collect$$libinit$$00000004)
    .ARM.Collect$$libinit$$0000000A          0x080001a2   Section        0  libinit2.o(.ARM.Collect$$libinit$$0000000A)
    .ARM.Collect$$libinit$$0000000C          0x080001a2   Section        0  libinit2.o(.ARM.Collect$$libinit$$0000000C)
    .ARM.Collect$$libinit$$0000000E          0x080001a2   Section        0  libinit2.o(.ARM.Collect$$libinit$$0000000E)
    .ARM.Collect$$libinit$$00000011          0x080001a2   Section        0  libinit2.o(.ARM.Collect$$libinit$$00000011)
    .ARM.Collect$$libinit$$00000013          0x080001a2   Section        0  libinit2.o(.ARM.Collect$$libinit$$00000013)
    .ARM.Collect$$libinit$$00000015          0x080001a2   Section        0  libinit2.o(.ARM.Collect$$libinit$$00000015)
    .ARM.Collect$$libinit$$00000017          0x080001a2   Section        0  libinit2.o(.ARM.Collect$$libinit$$00000017)
    .ARM.Collect$$libinit$$00000019          0x080001a2   Section        0  libinit2.o(.ARM.Collect$$libinit$$00000019)
    .ARM.Collect$$libinit$$0000001B          0x080001a2   Section        0  libinit2.o(.ARM.Collect$$libinit$$0000001B)
    .ARM.Collect$$libinit$$0000001D          0x080001a2   Section        0  libinit2.o(.ARM.Collect$$libinit$$0000001D)
    .ARM.Collect$$libinit$$0000001F          0x080001a2   Section        0  libinit2.o(.ARM.Collect$$libinit$$0000001F)
    .ARM.Collect$$libinit$$00000021          0x080001a2   Section        0  libinit2.o(.ARM.Collect$$libinit$$00000021)
    .ARM.Collect$$libinit$$00000023          0x080001a2   Section        0  libinit2.o(.ARM.Collect$$libinit$$00000023)
    .ARM.Collect$$libinit$$00000025          0x080001a2   Section        0  libinit2.o(.ARM.Collect$$libinit$$00000025)
    .ARM.Collect$$libinit$$0000002C          0x080001a2   Section        0  libinit2.o(.ARM.Collect$$libinit$$0000002C)
    .ARM.Collect$$libinit$$0000002E          0x080001a2   Section        0  libinit2.o(.ARM.Collect$$libinit$$0000002E)
    .ARM.Collect$$libinit$$00000030          0x080001a2   Section        0  libinit2.o(.ARM.Collect$$libinit$$00000030)
    .ARM.Collect$$libinit$$00000032          0x080001a2   Section        0  libinit2.o(.ARM.Collect$$libinit$$00000032)
    .ARM.Collect$$libinit$$00000033          0x080001a2   Section        2  libinit2.o(.ARM.Collect$$libinit$$00000033)
    .ARM.Collect$$libshutdown$$00000000      0x080001a4   Section        2  libshutdown.o(.ARM.Collect$$libshutdown$$00000000)
    .ARM.Collect$$libshutdown$$00000002      0x080001a6   Section        0  libshutdown2.o(.ARM.Collect$$libshutdown$$00000002)
    .ARM.Collect$$libshutdown$$00000004      0x080001a6   Section        0  libshutdown2.o(.ARM.Collect$$libshutdown$$00000004)
    .ARM.Collect$$libshutdown$$00000007      0x080001a6   Section        0  libshutdown2.o(.ARM.Collect$$libshutdown$$00000007)
    .ARM.Collect$$libshutdown$$0000000A      0x080001a6   Section        0  libshutdown2.o(.ARM.Collect$$libshutdown$$0000000A)
    .ARM.Collect$$libshutdown$$0000000C      0x080001a6   Section        0  libshutdown2.o(.ARM.Collect$$libshutdown$$0000000C)
    .ARM.Collect$$libshutdown$$0000000F      0x080001a6   Section        0  libshutdown2.o(.ARM.Collect$$libshutdown$$0000000F)
    .ARM.Collect$$libshutdown$$00000010      0x080001a6   Section        2  libshutdown2.o(.ARM.Collect$$libshutdown$$00000010)
    .ARM.Collect$$rtentry$$00000000          0x080001a8   Section        0  __rtentry.o(.ARM.Collect$$rtentry$$00000000)
    .ARM.Collect$$rtentry$$00000002          0x080001a8   Section        0  __rtentry2.o(.ARM.Collect$$rtentry$$00000002)
    .ARM.Collect$$rtentry$$00000004          0x080001a8   Section        6  __rtentry4.o(.ARM.Collect$$rtentry$$00000004)
    .ARM.Collect$$rtentry$$00000009          0x080001ae   Section        0  __rtentry2.o(.ARM.Collect$$rtentry$$00000009)
    .ARM.Collect$$rtentry$$0000000A          0x080001ae   Section        4  __rtentry2.o(.ARM.Collect$$rtentry$$0000000A)
    .ARM.Collect$$rtentry$$0000000C          0x080001b2   Section        0  __rtentry2.o(.ARM.Collect$$rtentry$$0000000C)
    .ARM.Collect$$rtentry$$0000000D          0x080001b2   Section        8  __rtentry2.o(.ARM.Collect$$rtentry$$0000000D)
    .ARM.Collect$$rtexit$$00000000           0x080001ba   Section        2  rtexit.o(.ARM.Collect$$rtexit$$00000000)
    .ARM.Collect$$rtexit$$00000002           0x080001bc   Section        0  rtexit2.o(.ARM.Collect$$rtexit$$00000002)
    .ARM.Collect$$rtexit$$00000003           0x080001bc   Section        4  rtexit2.o(.ARM.Collect$$rtexit$$00000003)
    .ARM.Collect$$rtexit$$00000004           0x080001c0   Section        6  rtexit2.o(.ARM.Collect$$rtexit$$00000004)
    .text                                    0x080001c8   Section        0  hw_config.o(.text)
    IntToUnicode                             0x08000299   Thumb Code    54  hw_config.o(.text)
    .text                                    0x0800030c   Section        0  main.o(.text)
    stm32_dma_transfer                       0x080015cf   Thumb Code   180  main.o(.text)
    .text                                    0x080016a8   Section        0  stm32f10x_it.o(.text)
    .text                                    0x080016bc   Section        0  usb_endp.o(.text)
    .text                                    0x080017e4   Section        0  usb_istr.o(.text)
    .text                                    0x080018a0   Section        0  usb_prop.o(.text)
    .text                                    0x08001a6c   Section        0  usb_pwr.o(.text)
    .text                                    0x08001b60   Section        0  usb_core.o(.text)
    DataStageIn                              0x08001e15   Thumb Code   158  usb_core.o(.text)
    NoData_Setup0                            0x08001eb3   Thumb Code   244  usb_core.o(.text)
    Data_Setup0                              0x08001fa7   Thumb Code   380  usb_core.o(.text)
    DataStageOut                             0x08002279   Thumb Code   140  usb_core.o(.text)
    .text                                    0x08002330   Section        0  usb_init.o(.text)
    .text                                    0x08002358   Section        0  usb_int.o(.text)
    .text                                    0x08002518   Section        0  usb_mem.o(.text)
    .text                                    0x0800255c   Section        0  usb_regs.o(.text)
    .text                                    0x08002c08   Section        0  usb_sil.o(.text)
    .text                                    0x08002c74   Section       64  startup_stm32f10x_ld.o(.text)
    .text                                    0x08002cb4   Section        0  system_stm32f10x.o(.text)
    SetSysClockTo72                          0x08002cb5   Thumb Code   160  system_stm32f10x.o(.text)
    .text                                    0x08002df8   Section        0  misc.o(.text)
    .text                                    0x08002ea8   Section        0  stm32f10x_dma.o(.text)
    .text                                    0x08003070   Section        0  stm32f10x_flash.o(.text)
    .text                                    0x080034f0   Section        0  stm32f10x_gpio.o(.text)
    .text                                    0x08003754   Section        0  stm32f10x_rcc.o(.text)
    .text                                    0x08003a0c   Section        0  stm32f10x_spi.o(.text)
    .text                                    0x08003c80   Section        0  heapauxi.o(.text)
    .text                                    0x08003c86   Section       74  sys_stackheap_outer.o(.text)
    .text                                    0x08003cd0   Section        0  exit.o(.text)
    .text                                    0x08003ce4   Section        8  libspace.o(.text)
    .text                                    0x08003cec   Section        0  sys_exit.o(.text)
    .text                                    0x08003cf8   Section        2  use_no_semi.o(.text)
    .text                                    0x08003cfa   Section        0  indicate_semi.o(.text)
    .constdata                               0x08003cfc   Section     1800  main.o(.constdata)
    .constdata                               0x08004404   Section     1024  main.o(.constdata)
    .constdata                               0x08004804   Section       18  usb_desc.o(.constdata)
    .constdata                               0x08004816   Section       41  usb_desc.o(.constdata)
    .constdata                               0x0800483f   Section       32  usb_desc.o(.constdata)
    .constdata                               0x0800485f   Section        4  usb_desc.o(.constdata)
    .constdata                               0x08004863   Section       38  usb_desc.o(.constdata)
    .constdata                               0x08004889   Section       32  usb_desc.o(.constdata)
    .data                                    0x20000000   Section        1  hw_config.o(.data)
    .data                                    0x20000004   Section       64  main.o(.data)
    fac_us                                   0x20000004   Data           1  main.o(.data)
    .data                                    0x20000044   Section        1  main.o(.data)
    .data                                    0x20000045   Section       26  usb_desc.o(.data)
    .data                                    0x20000060   Section       16  usb_endp.o(.data)
    .data                                    0x20000070   Section        4  usb_istr.o(.data)
    .data                                    0x20000074   Section       28  usb_istr.o(.data)
    .data                                    0x20000090   Section       28  usb_istr.o(.data)
    .data                                    0x200000ac   Section        2  usb_prop.o(.data)
    .data                                    0x200000b0   Section      116  usb_prop.o(.data)
    .data                                    0x20000124   Section       36  usb_prop.o(.data)
    .data                                    0x20000148   Section        4  usb_pwr.o(.data)
    .data                                    0x2000014c   Section        1  usb_pwr.o(.data)
    .data                                    0x2000014d   Section        2  usb_pwr.o(.data)
    .data                                    0x20000150   Section        4  usb_core.o(.data)
    .data                                    0x20000154   Section        1  usb_init.o(.data)
    .data                                    0x20000158   Section       12  usb_init.o(.data)
    .data                                    0x20000164   Section        2  usb_init.o(.data)
    .data                                    0x20000166   Section        4  usb_int.o(.data)
    .data                                    0x2000016c   Section       20  system_stm32f10x.o(.data)
    .data                                    0x20000180   Section       20  stm32f10x_rcc.o(.data)
    ADCPrescTable                            0x20000180   Data           4  stm32f10x_rcc.o(.data)
    APBAHBPrescTable                         0x20000184   Data          16  stm32f10x_rcc.o(.data)
    .bss                                     0x20000194   Section     6194  main.o(.bss)
    .bss                                     0x200019c6   Section       64  usb_endp.o(.bss)
    .bss                                     0x20001a08   Section       28  usb_init.o(.bss)
    .bss                                     0x20001a24   Section       96  libspace.o(.bss)
    HEAP                                     0x20001a88   Section      512  startup_stm32f10x_ld.o(HEAP)
    Heap_Mem                                 0x20001a88   Data         512  startup_stm32f10x_ld.o(HEAP)
    STACK                                    0x20001c88   Section     1024  startup_stm32f10x_ld.o(STACK)
    Stack_Mem                                0x20001c88   Data        1024  startup_stm32f10x_ld.o(STACK)
    __initial_sp                             0x20002088   Data           0  startup_stm32f10x_ld.o(STACK)

    Global Symbols

    Symbol Name                              Value     Ov Type        Size  Object(Section)

    BuildAttributes$$THM_ISAv4$P$D$K$B$S$PE$A:L22UL41UL21$X:L11$S22US41US21$IEEE1$IW$USESV6$~STKCKD$USESV7$~SHL$OSPACE$ROPI$EBA8$UX$STANDARDLIB$REQ8$PRES8$EABIv2 0x00000000   Number         0  anon$$obj.o ABSOLUTE
    __ARM_use_no_argv                        0x00000000   Number         0  main.o ABSOLUTE
    __ARM_exceptions_init                     - Undefined Weak Reference
    __alloca_initialize                       - Undefined Weak Reference
    __arm_preinit_                            - Undefined Weak Reference
    __cpp_initialize__aeabi_                  - Undefined Weak Reference
    __cxa_finalize                            - Undefined Weak Reference
    __rt_locale                               - Undefined Weak Reference
    __sigvec_lookup                           - Undefined Weak Reference
    _atexit_init                              - Undefined Weak Reference
    _call_atexit_fns                          - Undefined Weak Reference
    _clock_init                               - Undefined Weak Reference
    _fp_trap_init                             - Undefined Weak Reference
    _fp_trap_shutdown                         - Undefined Weak Reference
    _get_lc_collate                           - Undefined Weak Reference
    _get_lc_ctype                             - Undefined Weak Reference
    _get_lc_monetary                          - Undefined Weak Reference
    _get_lc_numeric                           - Undefined Weak Reference
    _get_lc_time                              - Undefined Weak Reference
    _getenv_init                              - Undefined Weak Reference
    _handle_redirection                       - Undefined Weak Reference
    _init_alloc                               - Undefined Weak Reference
    _init_user_alloc                          - Undefined Weak Reference
    _initio                                   - Undefined Weak Reference
    _rand_init                                - Undefined Weak Reference
    _signal_finish                            - Undefined Weak Reference
    _signal_init                              - Undefined Weak Reference
    _terminate_alloc                          - Undefined Weak Reference
    _terminate_user_alloc                     - Undefined Weak Reference
    _terminateio                              - Undefined Weak Reference
    __Vectors_Size                           0x000000ec   Number         0  startup_stm32f10x_ld.o ABSOLUTE
    __Vectors                                0x08000000   Data           4  startup_stm32f10x_ld.o(RESET)
    __Vectors_End                            0x080000ec   Data           0  startup_stm32f10x_ld.o(RESET)
    __main                                   0x080000ed   Thumb Code     8  __main.o(!!!main)
    __scatterload                            0x080000f5   Thumb Code     0  __scatter.o(!!!scatter)
    __scatterload_rt2                        0x080000f5   Thumb Code    44  __scatter.o(!!!scatter)
    __scatterload_rt2_thumb_only             0x080000f5   Thumb Code     0  __scatter.o(!!!scatter)
    __scatterload_null                       0x08000103   Thumb Code     0  __scatter.o(!!!scatter)
    __decompress                             0x08000129   Thumb Code    90  __dczerorl2.o(!!dczerorl2)
    __decompress1                            0x08000129   Thumb Code     0  __dczerorl2.o(!!dczerorl2)
    __scatterload_zeroinit                   0x08000185   Thumb Code    28  __scatter_zi.o(!!handler_zi)
    __rt_lib_init                            0x080001a1   Thumb Code     0  libinit.o(.ARM.Collect$$libinit$$00000000)
    __rt_lib_init_alloca_1                   0x080001a3   Thumb Code     0  libinit2.o(.ARM.Collect$$libinit$$0000002E)
    __rt_lib_init_argv_1                     0x080001a3   Thumb Code     0  libinit2.o(.ARM.Collect$$libinit$$0000002C)
    __rt_lib_init_atexit_1                   0x080001a3   Thumb Code     0  libinit2.o(.ARM.Collect$$libinit$$0000001B)
    __rt_lib_init_clock_1                    0x080001a3   Thumb Code     0  libinit2.o(.ARM.Collect$$libinit$$00000021)
    __rt_lib_init_cpp_1                      0x080001a3   Thumb Code     0  libinit2.o(.ARM.Collect$$libinit$$00000032)
    __rt_lib_init_exceptions_1               0x080001a3   Thumb Code     0  libinit2.o(.ARM.Collect$$libinit$$00000030)
    __rt_lib_init_fp_1                       0x080001a3   Thumb Code     0  libinit2.o(.ARM.Collect$$libinit$$00000002)
    __rt_lib_init_fp_trap_1                  0x080001a3   Thumb Code     0  libinit2.o(.ARM.Collect$$libinit$$0000001F)
    __rt_lib_init_getenv_1                   0x080001a3   Thumb Code     0  libinit2.o(.ARM.Collect$$libinit$$00000023)
    __rt_lib_init_heap_1                     0x080001a3   Thumb Code     0  libinit2.o(.ARM.Collect$$libinit$$0000000A)
    __rt_lib_init_lc_collate_1               0x080001a3   Thumb Code     0  libinit2.o(.ARM.Collect$$libinit$$00000011)
    __rt_lib_init_lc_ctype_1                 0x080001a3   Thumb Code     0  libinit2.o(.ARM.Collect$$libinit$$00000013)
    __rt_lib_init_lc_monetary_1              0x080001a3   Thumb Code     0  libinit2.o(.ARM.Collect$$libinit$$00000015)
    __rt_lib_init_lc_numeric_1               0x080001a3   Thumb Code     0  libinit2.o(.ARM.Collect$$libinit$$00000017)
    __rt_lib_init_lc_time_1                  0x080001a3   Thumb Code     0  libinit2.o(.ARM.Collect$$libinit$$00000019)
    __rt_lib_init_preinit_1                  0x080001a3   Thumb Code     0  libinit2.o(.ARM.Collect$$libinit$$00000004)
    __rt_lib_init_rand_1                     0x080001a3   Thumb Code     0  libinit2.o(.ARM.Collect$$libinit$$0000000E)
    __rt_lib_init_return                     0x080001a3   Thumb Code     0  libinit2.o(.ARM.Collect$$libinit$$00000033)
    __rt_lib_init_signal_1                   0x080001a3   Thumb Code     0  libinit2.o(.ARM.Collect$$libinit$$0000001D)
    __rt_lib_init_stdio_1                    0x080001a3   Thumb Code     0  libinit2.o(.ARM.Collect$$libinit$$00000025)
    __rt_lib_init_user_alloc_1               0x080001a3   Thumb Code     0  libinit2.o(.ARM.Collect$$libinit$$0000000C)
    __rt_lib_shutdown                        0x080001a5   Thumb Code     0  libshutdown.o(.ARM.Collect$$libshutdown$$00000000)
    __rt_lib_shutdown_cpp_1                  0x080001a7   Thumb Code     0  libshutdown2.o(.ARM.Collect$$libshutdown$$00000002)
    __rt_lib_shutdown_fp_trap_1              0x080001a7   Thumb Code     0  libshutdown2.o(.ARM.Collect$$libshutdown$$00000007)
    __rt_lib_shutdown_heap_1                 0x080001a7   Thumb Code     0  libshutdown2.o(.ARM.Collect$$libshutdown$$0000000F)
    __rt_lib_shutdown_return                 0x080001a7   Thumb Code     0  libshutdown2.o(.ARM.Collect$$libshutdown$$00000010)
    __rt_lib_shutdown_signal_1               0x080001a7   Thumb Code     0  libshutdown2.o(.ARM.Collect$$libshutdown$$0000000A)
    __rt_lib_shutdown_stdio_1                0x080001a7   Thumb Code     0  libshutdown2.o(.ARM.Collect$$libshutdown$$00000004)
    __rt_lib_shutdown_user_alloc_1           0x080001a7   Thumb Code     0  libshutdown2.o(.ARM.Collect$$libshutdown$$0000000C)
    __rt_entry                               0x080001a9   Thumb Code     0  __rtentry.o(.ARM.Collect$$rtentry$$00000000)
    __rt_entry_presh_1                       0x080001a9   Thumb Code     0  __rtentry2.o(.ARM.Collect$$rtentry$$00000002)
    __rt_entry_sh                            0x080001a9   Thumb Code     0  __rtentry4.o(.ARM.Collect$$rtentry$$00000004)
    __rt_entry_li                            0x080001af   Thumb Code     0  __rtentry2.o(.ARM.Collect$$rtentry$$0000000A)
    __rt_entry_postsh_1                      0x080001af   Thumb Code     0  __rtentry2.o(.ARM.Collect$$rtentry$$00000009)
    __rt_entry_main                          0x080001b3   Thumb Code     0  __rtentry2.o(.ARM.Collect$$rtentry$$0000000D)
    __rt_entry_postli_1                      0x080001b3   Thumb Code     0  __rtentry2.o(.ARM.Collect$$rtentry$$0000000C)
    __rt_exit                                0x080001bb   Thumb Code     0  rtexit.o(.ARM.Collect$$rtexit$$00000000)
    __rt_exit_ls                             0x080001bd   Thumb Code     0  rtexit2.o(.ARM.Collect$$rtexit$$00000003)
    __rt_exit_prels_1                        0x080001bd   Thumb Code     0  rtexit2.o(.ARM.Collect$$rtexit$$00000002)
    __rt_exit_exit                           0x080001c1   Thumb Code     0  rtexit2.o(.ARM.Collect$$rtexit$$00000004)
    Set_System                               0x080001c9   Thumb Code   104  hw_config.o(.text)
    Set_USBClock                             0x08000231   Thumb Code    20  hw_config.o(.text)
    Enter_LowPowerMode                       0x08000245   Thumb Code     8  hw_config.o(.text)
    Leave_LowPowerMode                       0x0800024d   Thumb Code    18  hw_config.o(.text)
    USB_Interrupts_Config                    0x0800025f   Thumb Code    56  hw_config.o(.text)
    USB_Cable_Config                         0x08000297   Thumb Code     2  hw_config.o(.text)
    Get_SerialNum                            0x080002cf   Thumb Code    42  hw_config.o(.text)
    delay_ms                                 0x0800030d   Thumb Code    22  main.o(.text)
    RCC_Configuration1                       0x08000323   Thumb Code   100  main.o(.text)
    Flash_SendByte                           0x08000387   Thumb Code    48  main.o(.text)
    Flash_Write_Enable                       0x080003b7   Thumb Code    34  main.o(.text)
    Flash_WaitWriteEnd                       0x080003d9   Thumb Code    44  main.o(.text)
    Flash_Read                               0x08000405   Thumb Code    74  main.o(.text)
    Flash_PageWrite                          0x0800044f   Thumb Code    96  main.o(.text)
    Flash2048                                0x080004af   Thumb Code    42  main.o(.text)
    Flash_EraseSector                        0x080004d9   Thumb Code    64  main.o(.text)
    xoachip                                  0x08000519   Thumb Code    40  main.o(.text)
    delay_init                               0x08000541   Thumb Code    18  main.o(.text)
    delay_us                                 0x08000553   Thumb Code    36  main.o(.text)
    RCC_Configuration_HSI_48Mhz_with_USBclock 0x08000577   Thumb Code    96  main.o(.text)
    get_flash                                0x080005d7   Thumb Code    72  main.o(.text)
    luu_flash                                0x0800061f   Thumb Code   132  main.o(.text)
    send1903m8                               0x080006a3   Thumb Code   334  main.o(.text)
    send1903m8_1914                          0x080007f1   Thumb Code   692  main.o(.text)
    send1903m24                              0x08000aa5   Thumb Code   288  main.o(.text)
    send6803m                                0x08000bc5   Thumb Code   276  main.o(.text)
    set_pixel                                0x08000cd9   Thumb Code    78  main.o(.text)
    set_led                                  0x08000d27   Thumb Code    70  main.o(.text)
    set_fill_led                             0x08000d6d   Thumb Code    96  main.o(.text)
    Delay                                    0x08000dcd   Thumb Code    16  main.o(.text)
    loi                                      0x08000ddd   Thumb Code    40  main.o(.text)
    nhay_doi                                 0x08000e05   Thumb Code   234  main.o(.text)
    lock                                     0x08000eef   Thumb Code   112  main.o(.text)
    giaima                                   0x08000f5f   Thumb Code    82  main.o(.text)
    readbandau                               0x08000fb1   Thumb Code   284  main.o(.text)
    AllLedlight                              0x080010cd   Thumb Code    48  main.o(.text)
    test_button                              0x080010fd   Thumb Code   464  main.o(.text)
    result_test_flash                        0x080012cd   Thumb Code    38  main.o(.text)
    testfash                                 0x080012f3   Thumb Code   192  main.o(.text)
    Test_USB                                 0x080013b3   Thumb Code   122  main.o(.text)
    NVIC_Configuration                       0x0800142d   Thumb Code    64  main.o(.text)
    main                                     0x0800146d   Thumb Code   354  main.o(.text)
    NMI_Handler                              0x080016a9   Thumb Code     2  stm32f10x_it.o(.text)
    HardFault_Handler                        0x080016ab   Thumb Code     2  stm32f10x_it.o(.text)
    MemManage_Handler                        0x080016ad   Thumb Code     2  stm32f10x_it.o(.text)
    BusFault_Handler                         0x080016af   Thumb Code     2  stm32f10x_it.o(.text)
    UsageFault_Handler                       0x080016b1   Thumb Code     2  stm32f10x_it.o(.text)
    SVC_Handler                              0x080016b3   Thumb Code     2  stm32f10x_it.o(.text)
    DebugMon_Handler                         0x080016b5   Thumb Code     2  stm32f10x_it.o(.text)
    PendSV_Handler                           0x080016b7   Thumb Code     2  stm32f10x_it.o(.text)
    USB_LP_CAN1_RX0_IRQHandler               0x080016b9   Thumb Code     4  stm32f10x_it.o(.text)
    EP1_IN_Callback                          0x080016bd   Thumb Code     8  usb_endp.o(.text)
    EP1_OUT_Callback                         0x080016c5   Thumb Code   244  usb_endp.o(.text)
    SOF_Callback                             0x080017b9   Thumb Code     2  usb_endp.o(.text)
    USB_Istr                                 0x080017e5   Thumb Code   166  usb_istr.o(.text)
    CustomHID_init                           0x080018a1   Thumb Code    28  usb_prop.o(.text)
    CustomHID_Reset                          0x080018bd   Thumb Code   160  usb_prop.o(.text)
    CustomHID_SetConfiguration               0x0800195d   Thumb Code    30  usb_prop.o(.text)
    CustomHID_SetDeviceAddress               0x0800197b   Thumb Code     8  usb_prop.o(.text)
    CustomHID_Status_In                      0x08001983   Thumb Code     2  usb_prop.o(.text)
    CustomHID_Status_Out                     0x08001985   Thumb Code     2  usb_prop.o(.text)
    CustomHID_GetProtocolValue               0x08001987   Thumb Code    20  usb_prop.o(.text)
    CustomHID_GetHIDDescriptor               0x0800199b   Thumb Code     8  usb_prop.o(.text)
    CustomHID_GetReportDescriptor            0x080019a3   Thumb Code     8  usb_prop.o(.text)
    CustomHID_Data_Setup                     0x080019ab   Thumb Code    80  usb_prop.o(.text)
    CustomHID_SetProtocol                    0x080019fb   Thumb Code    16  usb_prop.o(.text)
    CustomHID_NoData_Setup                   0x08001a0b   Thumb Code    24  usb_prop.o(.text)
    CustomHID_GetDeviceDescriptor            0x08001a23   Thumb Code     8  usb_prop.o(.text)
    CustomHID_GetConfigDescriptor            0x08001a2b   Thumb Code     8  usb_prop.o(.text)
    CustomHID_GetStringDescriptor            0x08001a33   Thumb Code    26  usb_prop.o(.text)
    CustomHID_Get_Interface_Setting          0x08001a4d   Thumb Code    10  usb_prop.o(.text)
    PowerOn                                  0x08001a6d   Thumb Code    36  usb_pwr.o(.text)
    PowerOff                                 0x08001a91   Thumb Code    26  usb_pwr.o(.text)
    Suspend                                  0x08001aab   Thumb Code    26  usb_pwr.o(.text)
    Resume_Init                              0x08001ac5   Thumb Code    26  usb_pwr.o(.text)
    Resume                                   0x08001adf   Thumb Code   116  usb_pwr.o(.text)
    Standard_GetConfiguration                0x08001b61   Thumb Code    30  usb_core.o(.text)
    Standard_SetConfiguration                0x08001b7f   Thumb Code    42  usb_core.o(.text)
    Standard_GetInterface                    0x08001ba9   Thumb Code    30  usb_core.o(.text)
    Standard_SetInterface                    0x08001bc7   Thumb Code    60  usb_core.o(.text)
    Standard_GetStatus                       0x08001c03   Thumb Code   130  usb_core.o(.text)
    Standard_ClearFeature                    0x08001c85   Thumb Code   232  usb_core.o(.text)
    Standard_SetEndPointFeature              0x08001d6d   Thumb Code   118  usb_core.o(.text)
    Standard_SetDeviceFeature                0x08001de3   Thumb Code    26  usb_core.o(.text)
    Standard_GetDescriptorData               0x08001dfd   Thumb Code    24  usb_core.o(.text)
    Post0_Process                            0x08002123   Thumb Code    52  usb_core.o(.text)
    Setup0_Process                           0x08002157   Thumb Code    90  usb_core.o(.text)
    SetDeviceAddress                         0x080021b1   Thumb Code    60  usb_core.o(.text)
    In0_Process                              0x080021ed   Thumb Code    78  usb_core.o(.text)
    Out0_Process                             0x0800223b   Thumb Code    60  usb_core.o(.text)
    NOP_Process                              0x08002277   Thumb Code     2  usb_core.o(.text)
    USB_Init                                 0x08002331   Thumb Code    22  usb_init.o(.text)
    CTR_LP                                   0x08002359   Thumb Code   314  usb_int.o(.text)
    CTR_HP                                   0x08002493   Thumb Code   104  usb_int.o(.text)
    UserToPMABufferCopy                      0x08002519   Thumb Code    36  usb_mem.o(.text)
    PMAToUserBufferCopy                      0x0800253d   Thumb Code    26  usb_mem.o(.text)
    SetCNTR                                  0x0800255d   Thumb Code     6  usb_regs.o(.text)
    GetCNTR                                  0x08002563   Thumb Code     8  usb_regs.o(.text)
    SetISTR                                  0x0800256b   Thumb Code     8  usb_regs.o(.text)
    GetISTR                                  0x08002573   Thumb Code    10  usb_regs.o(.text)
    GetFNR                                   0x0800257d   Thumb Code    10  usb_regs.o(.text)
    SetDADDR                                 0x08002587   Thumb Code     8  usb_regs.o(.text)
    GetDADDR                                 0x0800258f   Thumb Code    10  usb_regs.o(.text)
    SetBTABLE                                0x08002599   Thumb Code    12  usb_regs.o(.text)
    GetBTABLE                                0x080025a5   Thumb Code    10  usb_regs.o(.text)
    SetENDPOINT                              0x080025af   Thumb Code    12  usb_regs.o(.text)
    GetENDPOINT                              0x080025bb   Thumb Code    14  usb_regs.o(.text)
    SetEPType                                0x080025c9   Thumb Code    24  usb_regs.o(.text)
    GetEPType                                0x080025e1   Thumb Code    18  usb_regs.o(.text)
    SetEPTxStatus                            0x080025f3   Thumb Code    44  usb_regs.o(.text)
    SetEPRxStatus                            0x0800261f   Thumb Code    44  usb_regs.o(.text)
    SetDouBleBuffEPStall                     0x0800264b   Thumb Code    40  usb_regs.o(.text)
    GetEPTxStatus                            0x08002673   Thumb Code    18  usb_regs.o(.text)
    GetEPRxStatus                            0x08002685   Thumb Code    18  usb_regs.o(.text)
    SetEPTxValid                             0x08002697   Thumb Code    32  usb_regs.o(.text)
    SetEPRxValid                             0x080026b7   Thumb Code    32  usb_regs.o(.text)
    SetEP_KIND                               0x080026d7   Thumb Code    28  usb_regs.o(.text)
    ClearEP_KIND                             0x080026f3   Thumb Code    28  usb_regs.o(.text)
    Clear_Status_Out                         0x0800270f   Thumb Code    28  usb_regs.o(.text)
    Set_Status_Out                           0x0800272b   Thumb Code    28  usb_regs.o(.text)
    SetEPDoubleBuff                          0x08002747   Thumb Code    28  usb_regs.o(.text)
    ClearEPDoubleBuff                        0x08002763   Thumb Code    28  usb_regs.o(.text)
    GetTxStallStatus                         0x0800277f   Thumb Code    22  usb_regs.o(.text)
    GetRxStallStatus                         0x08002795   Thumb Code    22  usb_regs.o(.text)
    ClearEP_CTR_RX                           0x080027ab   Thumb Code    22  usb_regs.o(.text)
    ClearEP_CTR_TX                           0x080027c1   Thumb Code    22  usb_regs.o(.text)
    ToggleDTOG_RX                            0x080027d7   Thumb Code    28  usb_regs.o(.text)
    ToggleDTOG_TX                            0x080027f3   Thumb Code    28  usb_regs.o(.text)
    ClearDTOG_RX                             0x0800280f   Thumb Code    36  usb_regs.o(.text)
    ClearDTOG_TX                             0x08002833   Thumb Code    36  usb_regs.o(.text)
    SetEPAddress                             0x08002857   Thumb Code    30  usb_regs.o(.text)
    GetEPAddress                             0x08002875   Thumb Code    16  usb_regs.o(.text)
    SetEPTxAddr                              0x08002885   Thumb Code    24  usb_regs.o(.text)
    SetEPRxAddr                              0x0800289d   Thumb Code    26  usb_regs.o(.text)
    GetEPTxAddr                              0x080028b7   Thumb Code    22  usb_regs.o(.text)
    GetEPRxAddr                              0x080028cd   Thumb Code    24  usb_regs.o(.text)
    SetEPTxCount                             0x080028e5   Thumb Code    22  usb_regs.o(.text)
    SetEPCountRxReg                          0x080028fb   Thumb Code    38  usb_regs.o(.text)
    SetEPRxCount                             0x08002921   Thumb Code    70  usb_regs.o(.text)
    GetEPTxCount                             0x08002967   Thumb Code    24  usb_regs.o(.text)
    GetEPRxCount                             0x0800297f   Thumb Code    24  usb_regs.o(.text)
    SetEPDblBuffAddr                         0x08002997   Thumb Code    42  usb_regs.o(.text)
    SetEPDblBuf0Addr                         0x080029c1   Thumb Code    22  usb_regs.o(.text)
    SetEPDblBuf1Addr                         0x080029d7   Thumb Code    24  usb_regs.o(.text)
    GetEPDblBuf0Addr                         0x080029ef   Thumb Code    20  usb_regs.o(.text)
    GetEPDblBuf1Addr                         0x08002a03   Thumb Code    22  usb_regs.o(.text)
    SetEPDblBuffCount                        0x08002a19   Thumb Code   156  usb_regs.o(.text)
    SetEPDblBuf0Count                        0x08002ab5   Thumb Code    82  usb_regs.o(.text)
    SetEPDblBuf1Count                        0x08002b07   Thumb Code    82  usb_regs.o(.text)
    GetEPDblBuf0Count                        0x08002b59   Thumb Code    24  usb_regs.o(.text)
    GetEPDblBuf1Count                        0x08002b71   Thumb Code    24  usb_regs.o(.text)
    GetEPDblBufDir                           0x08002b89   Thumb Code    50  usb_regs.o(.text)
    FreeUserBuffer                           0x08002bbb   Thumb Code    48  usb_regs.o(.text)
    ToWord                                   0x08002beb   Thumb Code     6  usb_regs.o(.text)
    ByteSwap                                 0x08002bf1   Thumb Code    10  usb_regs.o(.text)
    USB_SIL_Init                             0x08002c09   Thumb Code    24  usb_sil.o(.text)
    USB_SIL_Write                            0x08002c21   Thumb Code    38  usb_sil.o(.text)
    USB_SIL_Read                             0x08002c47   Thumb Code    36  usb_sil.o(.text)
    Reset_Handler                            0x08002c75   Thumb Code     8  startup_stm32f10x_ld.o(.text)
    SysTick_Handler                          0x08002c8d   Thumb Code     2  startup_stm32f10x_ld.o(.text)
    ADC1_2_IRQHandler                        0x08002c8f   Thumb Code     0  startup_stm32f10x_ld.o(.text)
    CAN1_RX1_IRQHandler                      0x08002c8f   Thumb Code     0  startup_stm32f10x_ld.o(.text)
    CAN1_SCE_IRQHandler                      0x08002c8f   Thumb Code     0  startup_stm32f10x_ld.o(.text)
    DMA1_Channel1_IRQHandler                 0x08002c8f   Thumb Code     0  startup_stm32f10x_ld.o(.text)
    DMA1_Channel2_IRQHandler                 0x08002c8f   Thumb Code     0  startup_stm32f10x_ld.o(.text)
    DMA1_Channel3_IRQHandler                 0x08002c8f   Thumb Code     0  startup_stm32f10x_ld.o(.text)
    DMA1_Channel4_IRQHandler                 0x08002c8f   Thumb Code     0  startup_stm32f10x_ld.o(.text)
    DMA1_Channel5_IRQHandler                 0x08002c8f   Thumb Code     0  startup_stm32f10x_ld.o(.text)
    DMA1_Channel6_IRQHandler                 0x08002c8f   Thumb Code     0  startup_stm32f10x_ld.o(.text)
    DMA1_Channel7_IRQHandler                 0x08002c8f   Thumb Code     0  startup_stm32f10x_ld.o(.text)
    EXTI0_IRQHandler                         0x08002c8f   Thumb Code     0  startup_stm32f10x_ld.o(.text)
    EXTI15_10_IRQHandler                     0x08002c8f   Thumb Code     0  startup_stm32f10x_ld.o(.text)
    EXTI1_IRQHandler                         0x08002c8f   Thumb Code     0  startup_stm32f10x_ld.o(.text)
    EXTI2_IRQHandler                         0x08002c8f   Thumb Code     0  startup_stm32f10x_ld.o(.text)
    EXTI3_IRQHandler                         0x08002c8f   Thumb Code     0  startup_stm32f10x_ld.o(.text)
    EXTI4_IRQHandler                         0x08002c8f   Thumb Code     0  startup_stm32f10x_ld.o(.text)
    EXTI9_5_IRQHandler                       0x08002c8f   Thumb Code     0  startup_stm32f10x_ld.o(.text)
    FLASH_IRQHandler                         0x08002c8f   Thumb Code     0  startup_stm32f10x_ld.o(.text)
    I2C1_ER_IRQHandler                       0x08002c8f   Thumb Code     0  startup_stm32f10x_ld.o(.text)
    I2C1_EV_IRQHandler                       0x08002c8f   Thumb Code     0  startup_stm32f10x_ld.o(.text)
    PVD_IRQHandler                           0x08002c8f   Thumb Code     0  startup_stm32f10x_ld.o(.text)
    RCC_IRQHandler                           0x08002c8f   Thumb Code     0  startup_stm32f10x_ld.o(.text)
    RTCAlarm_IRQHandler                      0x08002c8f   Thumb Code     0  startup_stm32f10x_ld.o(.text)
    RTC_IRQHandler                           0x08002c8f   Thumb Code     0  startup_stm32f10x_ld.o(.text)
    SPI1_IRQHandler                          0x08002c8f   Thumb Code     0  startup_stm32f10x_ld.o(.text)
    TAMPER_IRQHandler                        0x08002c8f   Thumb Code     0  startup_stm32f10x_ld.o(.text)
    TIM1_BRK_IRQHandler                      0x08002c8f   Thumb Code     0  startup_stm32f10x_ld.o(.text)
    TIM1_CC_IRQHandler                       0x08002c8f   Thumb Code     0  startup_stm32f10x_ld.o(.text)
    TIM1_TRG_COM_IRQHandler                  0x08002c8f   Thumb Code     0  startup_stm32f10x_ld.o(.text)
    TIM1_UP_IRQHandler                       0x08002c8f   Thumb Code     0  startup_stm32f10x_ld.o(.text)
    TIM2_IRQHandler                          0x08002c8f   Thumb Code     0  startup_stm32f10x_ld.o(.text)
    TIM3_IRQHandler                          0x08002c8f   Thumb Code     0  startup_stm32f10x_ld.o(.text)
    USART1_IRQHandler                        0x08002c8f   Thumb Code     0  startup_stm32f10x_ld.o(.text)
    USART2_IRQHandler                        0x08002c8f   Thumb Code     0  startup_stm32f10x_ld.o(.text)
    USBWakeUp_IRQHandler                     0x08002c8f   Thumb Code     0  startup_stm32f10x_ld.o(.text)
    USB_HP_CAN1_TX_IRQHandler                0x08002c8f   Thumb Code     0  startup_stm32f10x_ld.o(.text)
    WWDG_IRQHandler                          0x08002c8f   Thumb Code     0  startup_stm32f10x_ld.o(.text)
    __user_initial_stackheap                 0x08002c91   Thumb Code     0  startup_stm32f10x_ld.o(.text)
    SystemInit                               0x08002d55   Thumb Code    50  system_stm32f10x.o(.text)
    SystemCoreClockUpdate                    0x08002d87   Thumb Code    86  system_stm32f10x.o(.text)
    NVIC_PriorityGroupConfig                 0x08002df9   Thumb Code    10  misc.o(.text)
    NVIC_Init                                0x08002e03   Thumb Code    94  misc.o(.text)
    NVIC_SetVectorTable                      0x08002e61   Thumb Code    14  misc.o(.text)
    NVIC_SystemLPConfig                      0x08002e6f   Thumb Code    20  misc.o(.text)
    SysTick_CLKSourceConfig                  0x08002e83   Thumb Code    24  misc.o(.text)
    DMA_DeInit                               0x08002ea9   Thumb Code   218  stm32f10x_dma.o(.text)
    DMA_Init                                 0x08002f83   Thumb Code    58  stm32f10x_dma.o(.text)
    DMA_StructInit                           0x08002fbd   Thumb Code    26  stm32f10x_dma.o(.text)
    DMA_Cmd                                  0x08002fd7   Thumb Code    22  stm32f10x_dma.o(.text)
    DMA_ITConfig                             0x08002fed   Thumb Code    16  stm32f10x_dma.o(.text)
    DMA_SetCurrDataCounter                   0x08002ffd   Thumb Code     4  stm32f10x_dma.o(.text)
    DMA_GetCurrDataCounter                   0x08003001   Thumb Code     6  stm32f10x_dma.o(.text)
    DMA_GetFlagStatus                        0x08003007   Thumb Code    28  stm32f10x_dma.o(.text)
    DMA_ClearFlag                            0x08003023   Thumb Code    20  stm32f10x_dma.o(.text)
    DMA_GetITStatus                          0x08003037   Thumb Code    28  stm32f10x_dma.o(.text)
    DMA_ClearITPendingBit                    0x08003053   Thumb Code    20  stm32f10x_dma.o(.text)
    FLASH_SetLatency                         0x08003071   Thumb Code    14  stm32f10x_flash.o(.text)
    FLASH_HalfCycleAccessCmd                 0x0800307f   Thumb Code    18  stm32f10x_flash.o(.text)
    FLASH_PrefetchBufferCmd                  0x08003091   Thumb Code    18  stm32f10x_flash.o(.text)
    FLASH_Unlock                             0x080030a3   Thumb Code    12  stm32f10x_flash.o(.text)
    FLASH_UnlockBank1                        0x080030af   Thumb Code    12  stm32f10x_flash.o(.text)
    FLASH_Lock                               0x080030bb   Thumb Code    12  stm32f10x_flash.o(.text)
    FLASH_LockBank1                          0x080030c7   Thumb Code    12  stm32f10x_flash.o(.text)
    FLASH_GetBank1Status                     0x080030d3   Thumb Code    34  stm32f10x_flash.o(.text)
    FLASH_WaitForLastOperation               0x080030f5   Thumb Code    34  stm32f10x_flash.o(.text)
    FLASH_ErasePage                          0x08003117   Thumb Code    56  stm32f10x_flash.o(.text)
    FLASH_EraseAllPages                      0x0800314f   Thumb Code    52  stm32f10x_flash.o(.text)
    FLASH_WaitForLastBank1Operation          0x08003183   Thumb Code    34  stm32f10x_flash.o(.text)
    FLASH_EraseAllBank1Pages                 0x080031a5   Thumb Code    52  stm32f10x_flash.o(.text)
    FLASH_GetReadOutProtectionStatus         0x080031d9   Thumb Code    14  stm32f10x_flash.o(.text)
    FLASH_EraseOptionBytes                   0x080031e7   Thumb Code   108  stm32f10x_flash.o(.text)
    FLASH_ProgramWord                        0x08003253   Thumb Code    72  stm32f10x_flash.o(.text)
    FLASH_ProgramHalfWord                    0x0800329b   Thumb Code    48  stm32f10x_flash.o(.text)
    FLASH_ProgramOptionByteData              0x080032cb   Thumb Code    62  stm32f10x_flash.o(.text)
    FLASH_EnableWriteProtection              0x08003309   Thumb Code   158  stm32f10x_flash.o(.text)
    FLASH_ReadOutProtection                  0x080033a7   Thumb Code   118  stm32f10x_flash.o(.text)
    FLASH_UserOptionByteConfig               0x0800341d   Thumb Code    92  stm32f10x_flash.o(.text)
    FLASH_GetUserOptionByte                  0x08003479   Thumb Code     8  stm32f10x_flash.o(.text)
    FLASH_GetWriteProtectionOptionByte       0x08003481   Thumb Code     6  stm32f10x_flash.o(.text)
    FLASH_GetPrefetchBufferStatus            0x08003487   Thumb Code    14  stm32f10x_flash.o(.text)
    FLASH_ITConfig                           0x08003495   Thumb Code    18  stm32f10x_flash.o(.text)
    FLASH_GetFlagStatus                      0x080034a7   Thumb Code    28  stm32f10x_flash.o(.text)
    FLASH_ClearFlag                          0x080034c3   Thumb Code     6  stm32f10x_flash.o(.text)
    FLASH_GetStatus                          0x080034c9   Thumb Code    34  stm32f10x_flash.o(.text)
    GPIO_DeInit                              0x080034f1   Thumb Code   152  stm32f10x_gpio.o(.text)
    GPIO_AFIODeInit                          0x08003589   Thumb Code    22  stm32f10x_gpio.o(.text)
    GPIO_Init                                0x0800359f   Thumb Code   156  stm32f10x_gpio.o(.text)
    GPIO_StructInit                          0x0800363b   Thumb Code    16  stm32f10x_gpio.o(.text)
    GPIO_ReadInputDataBit                    0x0800364b   Thumb Code    14  stm32f10x_gpio.o(.text)
    GPIO_ReadInputData                       0x08003659   Thumb Code     6  stm32f10x_gpio.o(.text)
    GPIO_ReadOutputDataBit                   0x0800365f   Thumb Code    14  stm32f10x_gpio.o(.text)
    GPIO_ReadOutputData                      0x0800366d   Thumb Code     6  stm32f10x_gpio.o(.text)
    GPIO_SetBits                             0x08003673   Thumb Code     4  stm32f10x_gpio.o(.text)
    GPIO_ResetBits                           0x08003677   Thumb Code     4  stm32f10x_gpio.o(.text)
    GPIO_WriteBit                            0x0800367b   Thumb Code    10  stm32f10x_gpio.o(.text)
    GPIO_Write                               0x08003685   Thumb Code     4  stm32f10x_gpio.o(.text)
    GPIO_PinLockConfig                       0x08003689   Thumb Code    16  stm32f10x_gpio.o(.text)
    GPIO_EventOutputConfig                   0x08003699   Thumb Code    22  stm32f10x_gpio.o(.text)
    GPIO_EventOutputCmd                      0x080036af   Thumb Code     6  stm32f10x_gpio.o(.text)
    GPIO_PinRemapConfig                      0x080036b5   Thumb Code    82  stm32f10x_gpio.o(.text)
    GPIO_EXTILineConfig                      0x08003707   Thumb Code    34  stm32f10x_gpio.o(.text)
    GPIO_ETH_MediaInterfaceConfig            0x08003729   Thumb Code     8  stm32f10x_gpio.o(.text)
    RCC_DeInit                               0x08003755   Thumb Code    50  stm32f10x_rcc.o(.text)
    RCC_HSEConfig                            0x08003787   Thumb Code    48  stm32f10x_rcc.o(.text)
    RCC_GetFlagStatus                        0x080037b7   Thumb Code    42  stm32f10x_rcc.o(.text)
    RCC_WaitForHSEStartUp                    0x080037e1   Thumb Code    44  stm32f10x_rcc.o(.text)
    RCC_AdjustHSICalibrationValue            0x0800380d   Thumb Code    16  stm32f10x_rcc.o(.text)
    RCC_HSICmd                               0x0800381d   Thumb Code     6  stm32f10x_rcc.o(.text)
    RCC_PLLConfig                            0x08003823   Thumb Code    16  stm32f10x_rcc.o(.text)
    RCC_PLLCmd                               0x08003833   Thumb Code     6  stm32f10x_rcc.o(.text)
    RCC_SYSCLKConfig                         0x08003839   Thumb Code    14  stm32f10x_rcc.o(.text)
    RCC_GetSYSCLKSource                      0x08003847   Thumb Code    10  stm32f10x_rcc.o(.text)
    RCC_HCLKConfig                           0x08003851   Thumb Code    14  stm32f10x_rcc.o(.text)
    RCC_PCLK1Config                          0x0800385f   Thumb Code    14  stm32f10x_rcc.o(.text)
    RCC_PCLK2Config                          0x0800386d   Thumb Code    16  stm32f10x_rcc.o(.text)
    RCC_ITConfig                             0x0800387d   Thumb Code    18  stm32f10x_rcc.o(.text)
    RCC_USBCLKConfig                         0x0800388f   Thumb Code     8  stm32f10x_rcc.o(.text)
    RCC_ADCCLKConfig                         0x08003897   Thumb Code    14  stm32f10x_rcc.o(.text)
    RCC_LSEConfig                            0x080038a5   Thumb Code    28  stm32f10x_rcc.o(.text)
    RCC_LSICmd                               0x080038c1   Thumb Code     6  stm32f10x_rcc.o(.text)
    RCC_RTCCLKConfig                         0x080038c7   Thumb Code    10  stm32f10x_rcc.o(.text)
    RCC_RTCCLKCmd                            0x080038d1   Thumb Code     8  stm32f10x_rcc.o(.text)
    RCC_GetClocksFreq                        0x080038d9   Thumb Code   132  stm32f10x_rcc.o(.text)
    RCC_AHBPeriphClockCmd                    0x0800395d   Thumb Code    18  stm32f10x_rcc.o(.text)
    RCC_APB2PeriphClockCmd                   0x0800396f   Thumb Code    18  stm32f10x_rcc.o(.text)
    RCC_APB1PeriphClockCmd                   0x08003981   Thumb Code    18  stm32f10x_rcc.o(.text)
    RCC_APB2PeriphResetCmd                   0x08003993   Thumb Code    18  stm32f10x_rcc.o(.text)
    RCC_APB1PeriphResetCmd                   0x080039a5   Thumb Code    18  stm32f10x_rcc.o(.text)
    RCC_BackupResetCmd                       0x080039b7   Thumb Code     8  stm32f10x_rcc.o(.text)
    RCC_ClockSecuritySystemCmd               0x080039bf   Thumb Code     6  stm32f10x_rcc.o(.text)
    RCC_MCOConfig                            0x080039c5   Thumb Code     6  stm32f10x_rcc.o(.text)
    RCC_ClearFlag                            0x080039cb   Thumb Code    12  stm32f10x_rcc.o(.text)
    RCC_GetITStatus                          0x080039d7   Thumb Code    16  stm32f10x_rcc.o(.text)
    RCC_ClearITPendingBit                    0x080039e7   Thumb Code     6  stm32f10x_rcc.o(.text)
    SPI_I2S_DeInit                           0x08003a0d   Thumb Code    72  stm32f10x_spi.o(.text)
    SPI_Init                                 0x08003a55   Thumb Code    56  stm32f10x_spi.o(.text)
    I2S_Init                                 0x08003a8d   Thumb Code   150  stm32f10x_spi.o(.text)
    SPI_StructInit                           0x08003b23   Thumb Code    24  stm32f10x_spi.o(.text)
    I2S_StructInit                           0x08003b3b   Thumb Code    18  stm32f10x_spi.o(.text)
    SPI_Cmd                                  0x08003b4d   Thumb Code    20  stm32f10x_spi.o(.text)
    I2S_Cmd                                  0x08003b61   Thumb Code    20  stm32f10x_spi.o(.text)
    SPI_I2S_ITConfig                         0x08003b75   Thumb Code    24  stm32f10x_spi.o(.text)
    SPI_I2S_DMACmd                           0x08003b8d   Thumb Code    16  stm32f10x_spi.o(.text)
    SPI_I2S_SendData                         0x08003b9d   Thumb Code     4  stm32f10x_spi.o(.text)
    SPI_I2S_ReceiveData                      0x08003ba1   Thumb Code     4  stm32f10x_spi.o(.text)
    SPI_NSSInternalSoftwareConfig            0x08003ba5   Thumb Code    24  stm32f10x_spi.o(.text)
    SPI_SSOutputCmd                          0x08003bbd   Thumb Code    20  stm32f10x_spi.o(.text)
    SPI_DataSizeConfig                       0x08003bd1   Thumb Code    16  stm32f10x_spi.o(.text)
    SPI_TransmitCRC                          0x08003be1   Thumb Code    10  stm32f10x_spi.o(.text)
    SPI_CalculateCRC                         0x08003beb   Thumb Code    20  stm32f10x_spi.o(.text)
    SPI_GetCRC                               0x08003bff   Thumb Code    12  stm32f10x_spi.o(.text)
    SPI_GetCRCPolynomial                     0x08003c0b   Thumb Code     4  stm32f10x_spi.o(.text)
    SPI_BiDirectionalLineConfig              0x08003c0f   Thumb Code    22  stm32f10x_spi.o(.text)
    SPI_I2S_GetFlagStatus                    0x08003c25   Thumb Code    14  stm32f10x_spi.o(.text)
    SPI_I2S_ClearFlag                        0x08003c33   Thumb Code     6  stm32f10x_spi.o(.text)
    SPI_I2S_GetITStatus                      0x08003c39   Thumb Code    44  stm32f10x_spi.o(.text)
    SPI_I2S_ClearITPendingBit                0x08003c65   Thumb Code    14  stm32f10x_spi.o(.text)
    __use_two_region_memory                  0x08003c81   Thumb Code     2  heapauxi.o(.text)
    __rt_heap_escrow$2region                 0x08003c83   Thumb Code     2  heapauxi.o(.text)
    __rt_heap_expand$2region                 0x08003c85   Thumb Code     2  heapauxi.o(.text)
    __user_setup_stackheap                   0x08003c87   Thumb Code    74  sys_stackheap_outer.o(.text)
    exit                                     0x08003cd1   Thumb Code    18  exit.o(.text)
    __user_libspace                          0x08003ce5   Thumb Code     8  libspace.o(.text)
    __user_perproc_libspace                  0x08003ce5   Thumb Code     0  libspace.o(.text)
    __user_perthread_libspace                0x08003ce5   Thumb Code     0  libspace.o(.text)
    _sys_exit                                0x08003ced   Thumb Code     8  sys_exit.o(.text)
    __I$use$semihosting                      0x08003cf9   Thumb Code     0  use_no_semi.o(.text)
    __use_no_semihosting_swi                 0x08003cf9   Thumb Code     2  use_no_semi.o(.text)
    __semihosting_library_function           0x08003cfb   Thumb Code     0  indicate_semi.o(.text)
    gamma8                                   0x08003d04   Data         256  main.o(.constdata)
    mau1903                                  0x08003e04   Data        1024  main.o(.constdata)
    mau6803                                  0x08004204   Data         512  main.o(.constdata)
    pass                                     0x08004404   Data        1024  main.o(.constdata)
    CustomHID_DeviceDescriptor               0x08004804   Data          18  usb_desc.o(.constdata)
    CustomHID_ConfigDescriptor               0x08004816   Data          41  usb_desc.o(.constdata)
    CustomHID_ReportDescriptor               0x0800483f   Data          32  usb_desc.o(.constdata)
    CustomHID_StringLangID                   0x0800485f   Data           4  usb_desc.o(.constdata)
    CustomHID_StringVendor                   0x08004863   Data          38  usb_desc.o(.constdata)
    CustomHID_StringProduct                  0x08004889   Data          32  usb_desc.o(.constdata)
    Region$$Table$$Base                      0x080048ac   Number         0  anon$$obj.o(Region$$Table)
    Region$$Table$$Limit                     0x080048cc   Number         0  anon$$obj.o(Region$$Table)
    HSEStartUpStatus                         0x20000000   Data           1  hw_config.o(.data)
    dangnap                                  0x20000005   Data           1  main.o(.data)
    loaiden                                  0x20000006   Data           1  main.o(.data)
    vantoc                                   0x20000007   Data           1  main.o(.data)
    dosang                                   0x20000008   Data           1  main.o(.data)
    loaiday                                  0x20000009   Data           1  main.o(.data)
    i_test                                   0x2000000a   Data           1  main.o(.data)
    imau_test                                0x2000000b   Data           1  main.o(.data)
    tt_button                                0x2000000c   Data           1  main.o(.data)
    tt_dem                                   0x2000000d   Data           1  main.o(.data)
    demmau                                   0x2000000e   Data           1  main.o(.data)
    dem_vt                                   0x2000000f   Data           1  main.o(.data)
    result_flash                             0x20000010   Data           1  main.o(.data)
    TT_USB                                   0x20000011   Data           1  main.o(.data)
    Test_Flash                               0x20000012   Data           3  main.o(.data)
    Address                                  0x20000018   Data           4  main.o(.data)
    dem_play                                 0x2000001c   Data           4  main.o(.data)
    tong_play                                0x20000020   Data           4  main.o(.data)
    den_trungbinh                            0x20000024   Data           4  main.o(.data)
    vtport1                                  0x20000028   Data           4  main.o(.data)
    tongport1                                0x2000002c   Data           4  main.o(.data)
    vtport2                                  0x20000030   Data           4  main.o(.data)
    tongport2                                0x20000034   Data           4  main.o(.data)
    GPIO_InitStruct                          0x20000038   Data           4  main.o(.data)
    mahoa                                    0x2000003c   Data           8  main.o(.data)
    baonap                                   0x20000044   Data           1  main.o(.data)
    CustomHID_StringSerial                   0x20000045   Data          26  usb_desc.o(.data)
    demt                                     0x20000060   Data           4  usb_endp.o(.data)
    tongnhan                                 0x20000064   Data           4  usb_endp.o(.data)
    tongdata                                 0x20000068   Data           4  usb_endp.o(.data)
    i1                                       0x2000006c   Data           4  usb_endp.o(.data)
    bIntPackSOF                              0x20000070   Data           1  usb_istr.o(.data)
    wIstr                                    0x20000072   Data           2  usb_istr.o(.data)
    pEpInt_IN                                0x20000074   Data          28  usb_istr.o(.data)
    pEpInt_OUT                               0x20000090   Data          28  usb_istr.o(.data)
    Device_Table                             0x200000ac   Data           2  usb_prop.o(.data)
    ProtocolValue                            0x200000b0   Data           4  usb_prop.o(.data)
    Device_Descriptor                        0x200000b4   Data           8  usb_prop.o(.data)
    Config_Descriptor                        0x200000bc   Data           8  usb_prop.o(.data)
    CustomHID_Report_Descriptor              0x200000c4   Data           8  usb_prop.o(.data)
    CustomHID_Hid_Descriptor                 0x200000cc   Data           8  usb_prop.o(.data)
    Device_Property                          0x200000d4   Data          48  usb_prop.o(.data)
    String_Descriptor                        0x20000104   Data          32  usb_prop.o(.data)
    User_Standard_Requests                   0x20000124   Data          36  usb_prop.o(.data)
    bDeviceState                             0x20000148   Data           4  usb_pwr.o(.data)
    fSuspendEnabled                          0x2000014c   Data           1  usb_pwr.o(.data)
    ResumeS                                  0x2000014d   Data           2  usb_pwr.o(.data)
    Data_Mul_MaxPacketSize                   0x20000150   Data           1  usb_core.o(.data)
    StatusInfo                               0x20000152   Data           2  usb_core.o(.data)
    EPindex                                  0x20000154   Data           1  usb_init.o(.data)
    pInformation                             0x20000158   Data           4  usb_init.o(.data)
    pProperty                                0x2000015c   Data           4  usb_init.o(.data)
    pUser_Standard_Requests                  0x20000160   Data           4  usb_init.o(.data)
    wInterrupt_Mask                          0x20000164   Data           2  usb_init.o(.data)
    SaveRState                               0x20000166   Data           2  usb_int.o(.data)
    SaveTState                               0x20000168   Data           2  usb_int.o(.data)
    SystemCoreClock                          0x2000016c   Data           4  system_stm32f10x.o(.data)
    AHBPrescTable                            0x20000170   Data          16  system_stm32f10x.o(.data)
    data1                                    0x20000194   Data        3072  main.o(.bss)
    data2                                    0x20000d94   Data        3072  main.o(.bss)
    SPI_InitStructure                        0x20001994   Data          18  main.o(.bss)
    Test_Flash_Read                          0x200019a6   Data          32  main.o(.bss)
    USB_buff                                 0x200019c6   Data          64  usb_endp.o(.bss)
    Device_Info                              0x20001a08   Data          28  usb_init.o(.bss)
    __libspace_start                         0x20001a24   Data          96  libspace.o(.bss)
    __temporary_stack_top$libspace           0x20001a84   Data           0  libspace.o(.bss)



==============================================================================

Memory Map of the image

  Image Entry point : 0x08002c75

  Load Region LR_1 (Base: 0x08000000, Size: 0x00004a60, Max: 0xffffffff, ABSOLUTE, COMPRESSED[0x00004970])

    Execution Region ER_RO (Exec base: 0x08000000, Load base: 0x08000000, Size: 0x000048cc, Max: 0xffffffff, ABSOLUTE)

    Exec Addr    Load Addr    Size         Type   Attr      Idx    E Section Name        Object

    0x08000000   0x08000000   0x000000ec   Data   RO          586    RESET               startup_stm32f10x_ld.o
    0x080000ec   0x080000ec   0x00000008   Code   RO          850  * !!!main             c_w.l(__main.o)
    0x080000f4   0x080000f4   0x00000034   Code   RO         1009    !!!scatter          c_w.l(__scatter.o)
    0x08000128   0x08000128   0x0000005a   Code   RO         1007    !!dczerorl2         c_w.l(__dczerorl2.o)
    0x08000182   0x08000182   0x00000002   PAD
    0x08000184   0x08000184   0x0000001c   Code   RO         1011    !!handler_zi        c_w.l(__scatter_zi.o)
    0x080001a0   0x080001a0   0x00000002   Code   RO          877    .ARM.Collect$$libinit$$00000000  c_w.l(libinit.o)
    0x080001a2   0x080001a2   0x00000000   Code   RO          884    .ARM.Collect$$libinit$$00000002  c_w.l(libinit2.o)
    0x080001a2   0x080001a2   0x00000000   Code   RO          886    .ARM.Collect$$libinit$$00000004  c_w.l(libinit2.o)
    0x080001a2   0x080001a2   0x00000000   Code   RO          889    .ARM.Collect$$libinit$$0000000A  c_w.l(libinit2.o)
    0x080001a2   0x080001a2   0x00000000   Code   RO          891    .ARM.Collect$$libinit$$0000000C  c_w.l(libinit2.o)
    0x080001a2   0x080001a2   0x00000000   Code   RO          893    .ARM.Collect$$libinit$$0000000E  c_w.l(libinit2.o)
    0x080001a2   0x080001a2   0x00000000   Code   RO          896    .ARM.Collect$$libinit$$00000011  c_w.l(libinit2.o)
    0x080001a2   0x080001a2   0x00000000   Code   RO          898    .ARM.Collect$$libinit$$00000013  c_w.l(libinit2.o)
    0x080001a2   0x080001a2   0x00000000   Code   RO          900    .ARM.Collect$$libinit$$00000015  c_w.l(libinit2.o)
    0x080001a2   0x080001a2   0x00000000   Code   RO          902    .ARM.Collect$$libinit$$00000017  c_w.l(libinit2.o)
    0x080001a2   0x080001a2   0x00000000   Code   RO          904    .ARM.Collect$$libinit$$00000019  c_w.l(libinit2.o)
    0x080001a2   0x080001a2   0x00000000   Code   RO          906    .ARM.Collect$$libinit$$0000001B  c_w.l(libinit2.o)
    0x080001a2   0x080001a2   0x00000000   Code   RO          908    .ARM.Collect$$libinit$$0000001D  c_w.l(libinit2.o)
    0x080001a2   0x080001a2   0x00000000   Code   RO          910    .ARM.Collect$$libinit$$0000001F  c_w.l(libinit2.o)
    0x080001a2   0x080001a2   0x00000000   Code   RO          912    .ARM.Collect$$libinit$$00000021  c_w.l(libinit2.o)
    0x080001a2   0x080001a2   0x00000000   Code   RO          914    .ARM.Collect$$libinit$$00000023  c_w.l(libinit2.o)
    0x080001a2   0x080001a2   0x00000000   Code   RO          916    .ARM.Collect$$libinit$$00000025  c_w.l(libinit2.o)
    0x080001a2   0x080001a2   0x00000000   Code   RO          920    .ARM.Collect$$libinit$$0000002C  c_w.l(libinit2.o)
    0x080001a2   0x080001a2   0x00000000   Code   RO          922    .ARM.Collect$$libinit$$0000002E  c_w.l(libinit2.o)
    0x080001a2   0x080001a2   0x00000000   Code   RO          924    .ARM.Collect$$libinit$$00000030  c_w.l(libinit2.o)
    0x080001a2   0x080001a2   0x00000000   Code   RO          926    .ARM.Collect$$libinit$$00000032  c_w.l(libinit2.o)
    0x080001a2   0x080001a2   0x00000002   Code   RO          927    .ARM.Collect$$libinit$$00000033  c_w.l(libinit2.o)
    0x080001a4   0x080001a4   0x00000002   Code   RO          947    .ARM.Collect$$libshutdown$$00000000  c_w.l(libshutdown.o)
    0x080001a6   0x080001a6   0x00000000   Code   RO          960    .ARM.Collect$$libshutdown$$00000002  c_w.l(libshutdown2.o)
    0x080001a6   0x080001a6   0x00000000   Code   RO          962    .ARM.Collect$$libshutdown$$00000004  c_w.l(libshutdown2.o)
    0x080001a6   0x080001a6   0x00000000   Code   RO          965    .ARM.Collect$$libshutdown$$00000007  c_w.l(libshutdown2.o)
    0x080001a6   0x080001a6   0x00000000   Code   RO          968    .ARM.Collect$$libshutdown$$0000000A  c_w.l(libshutdown2.o)
    0x080001a6   0x080001a6   0x00000000   Code   RO          970    .ARM.Collect$$libshutdown$$0000000C  c_w.l(libshutdown2.o)
    0x080001a6   0x080001a6   0x00000000   Code   RO          973    .ARM.Collect$$libshutdown$$0000000F  c_w.l(libshutdown2.o)
    0x080001a6   0x080001a6   0x00000002   Code   RO          974    .ARM.Collect$$libshutdown$$00000010  c_w.l(libshutdown2.o)
    0x080001a8   0x080001a8   0x00000000   Code   RO          852    .ARM.Collect$$rtentry$$00000000  c_w.l(__rtentry.o)
    0x080001a8   0x080001a8   0x00000000   Code   RO          854    .ARM.Collect$$rtentry$$00000002  c_w.l(__rtentry2.o)
    0x080001a8   0x080001a8   0x00000006   Code   RO          866    .ARM.Collect$$rtentry$$00000004  c_w.l(__rtentry4.o)
    0x080001ae   0x080001ae   0x00000000   Code   RO          856    .ARM.Collect$$rtentry$$00000009  c_w.l(__rtentry2.o)
    0x080001ae   0x080001ae   0x00000004   Code   RO          857    .ARM.Collect$$rtentry$$0000000A  c_w.l(__rtentry2.o)
    0x080001b2   0x080001b2   0x00000000   Code   RO          859    .ARM.Collect$$rtentry$$0000000C  c_w.l(__rtentry2.o)
    0x080001b2   0x080001b2   0x00000008   Code   RO          860    .ARM.Collect$$rtentry$$0000000D  c_w.l(__rtentry2.o)
    0x080001ba   0x080001ba   0x00000002   Code   RO          881    .ARM.Collect$$rtexit$$00000000  c_w.l(rtexit.o)
    0x080001bc   0x080001bc   0x00000000   Code   RO          929    .ARM.Collect$$rtexit$$00000002  c_w.l(rtexit2.o)
    0x080001bc   0x080001bc   0x00000004   Code   RO          930    .ARM.Collect$$rtexit$$00000003  c_w.l(rtexit2.o)
    0x080001c0   0x080001c0   0x00000006   Code   RO          931    .ARM.Collect$$rtexit$$00000004  c_w.l(rtexit2.o)
    0x080001c6   0x080001c6   0x00000002   PAD
    0x080001c8   0x080001c8   0x00000144   Code   RO            4    .text               hw_config.o
    0x0800030c   0x0800030c   0x0000139c   Code   RO          131    .text               main.o
    0x080016a8   0x080016a8   0x00000014   Code   RO          194    .text               stm32f10x_it.o
    0x080016bc   0x080016bc   0x00000128   Code   RO          258    .text               usb_endp.o
    0x080017e4   0x080017e4   0x000000bc   Code   RO          296    .text               usb_istr.o
    0x080018a0   0x080018a0   0x000001cc   Code   RO          328    .text               usb_prop.o
    0x08001a6c   0x08001a6c   0x000000f4   Code   RO          367    .text               usb_pwr.o
    0x08001b60   0x08001b60   0x000007d0   Code   RO          412    .text               usb_core.o
    0x08002330   0x08002330   0x00000028   Code   RO          440    .text               usb_init.o
    0x08002358   0x08002358   0x000001c0   Code   RO          478    .text               usb_int.o
    0x08002518   0x08002518   0x00000044   Code   RO          514    .text               usb_mem.o
    0x0800255c   0x0800255c   0x000006ac   Code   RO          538    .text               usb_regs.o
    0x08002c08   0x08002c08   0x0000006c   Code   RO          563    .text               usb_sil.o
    0x08002c74   0x08002c74   0x00000040   Code   RO          587  * .text               startup_stm32f10x_ld.o
    0x08002cb4   0x08002cb4   0x00000144   Code   RO          594    .text               system_stm32f10x.o
    0x08002df8   0x08002df8   0x000000b0   Code   RO          624    .text               misc.o
    0x08002ea8   0x08002ea8   0x000001c8   Code   RO          675    .text               stm32f10x_dma.o
    0x08003070   0x08003070   0x00000480   Code   RO          723    .text               stm32f10x_flash.o
    0x080034f0   0x080034f0   0x00000264   Code   RO          748    .text               stm32f10x_gpio.o
    0x08003754   0x08003754   0x000002b8   Code   RO          799    .text               stm32f10x_rcc.o
    0x08003a0c   0x08003a0c   0x00000274   Code   RO          825    .text               stm32f10x_spi.o
    0x08003c80   0x08003c80   0x00000006   Code   RO          848    .text               c_w.l(heapauxi.o)
    0x08003c86   0x08003c86   0x0000004a   Code   RO          868    .text               c_w.l(sys_stackheap_outer.o)
    0x08003cd0   0x08003cd0   0x00000012   Code   RO          870    .text               c_w.l(exit.o)
    0x08003ce2   0x08003ce2   0x00000002   PAD
    0x08003ce4   0x08003ce4   0x00000008   Code   RO          878    .text               c_w.l(libspace.o)
    0x08003cec   0x08003cec   0x0000000c   Code   RO          939    .text               c_w.l(sys_exit.o)
    0x08003cf8   0x08003cf8   0x00000002   Code   RO          950    .text               c_w.l(use_no_semi.o)
    0x08003cfa   0x08003cfa   0x00000000   Code   RO          952    .text               c_w.l(indicate_semi.o)
    0x08003cfa   0x08003cfa   0x00000002   PAD
    0x08003cfc   0x08003cfc   0x00000708   Data   RO          133    .constdata          main.o
    0x08004404   0x08004404   0x00000400   Data   RO          134    .constdata          main.o
    0x08004804   0x08004804   0x00000012   Data   RO          228    .constdata          usb_desc.o
    0x08004816   0x08004816   0x00000029   Data   RO          229    .constdata          usb_desc.o
    0x0800483f   0x0800483f   0x00000020   Data   RO          230    .constdata          usb_desc.o
    0x0800485f   0x0800485f   0x00000004   Data   RO          231    .constdata          usb_desc.o
    0x08004863   0x08004863   0x00000026   Data   RO          232    .constdata          usb_desc.o
    0x08004889   0x08004889   0x00000020   Data   RO          233    .constdata          usb_desc.o
    0x080048a9   0x080048a9   0x00000003   PAD
    0x080048ac   0x080048ac   0x00000020   Data   RO         1005    Region$$Table       anon$$obj.o


    Execution Region ER_RW (Exec base: 0x20000000, Load base: 0x080048cc, Size: 0x00000194, Max: 0xffffffff, ABSOLUTE, COMPRESSED[0x000000a4])

    Exec Addr    Load Addr    Size         Type   Attr      Idx    E Section Name        Object

    0x20000000   COMPRESSED   0x00000001   Data   RW            5    .data               hw_config.o
    0x20000001   COMPRESSED   0x00000003   PAD
    0x20000004   COMPRESSED   0x00000040   Data   RW          136    .data               main.o
    0x20000044   COMPRESSED   0x00000001   Data   RW          137    .data               main.o
    0x20000045   COMPRESSED   0x0000001a   Data   RW          234    .data               usb_desc.o
    0x2000005f   COMPRESSED   0x00000001   PAD
    0x20000060   COMPRESSED   0x00000010   Data   RW          263    .data               usb_endp.o
    0x20000070   COMPRESSED   0x00000004   Data   RW          297    .data               usb_istr.o
    0x20000074   COMPRESSED   0x0000001c   Data   RW          298    .data               usb_istr.o
    0x20000090   COMPRESSED   0x0000001c   Data   RW          299    .data               usb_istr.o
    0x200000ac   COMPRESSED   0x00000002   Data   RW          329    .data               usb_prop.o
    0x200000ae   COMPRESSED   0x00000002   PAD
    0x200000b0   COMPRESSED   0x00000074   Data   RW          330    .data               usb_prop.o
    0x20000124   COMPRESSED   0x00000024   Data   RW          331    .data               usb_prop.o
    0x20000148   COMPRESSED   0x00000004   Data   RW          368    .data               usb_pwr.o
    0x2000014c   COMPRESSED   0x00000001   Data   RW          369    .data               usb_pwr.o
    0x2000014d   COMPRESSED   0x00000002   Data   RW          370    .data               usb_pwr.o
    0x2000014f   COMPRESSED   0x00000001   PAD
    0x20000150   COMPRESSED   0x00000004   Data   RW          413    .data               usb_core.o
    0x20000154   COMPRESSED   0x00000001   Data   RW          442    .data               usb_init.o
    0x20000155   COMPRESSED   0x00000003   PAD
    0x20000158   COMPRESSED   0x0000000c   Data   RW          443    .data               usb_init.o
    0x20000164   COMPRESSED   0x00000002   Data   RW          445    .data               usb_init.o
    0x20000166   COMPRESSED   0x00000004   Data   RW          479    .data               usb_int.o
    0x2000016a   COMPRESSED   0x00000002   PAD
    0x2000016c   COMPRESSED   0x00000014   Data   RW          595    .data               system_stm32f10x.o
    0x20000180   COMPRESSED   0x00000014   Data   RW          800    .data               stm32f10x_rcc.o


    Execution Region ER_ZI (Exec base: 0x20000194, Load base: 0x08004970, Size: 0x00001ef4, Max: 0xffffffff, ABSOLUTE)

    Exec Addr    Load Addr    Size         Type   Attr      Idx    E Section Name        Object

    0x20000194        -       0x00001832   Zero   RW          132    .bss                main.o
    0x200019c6        -       0x00000040   Zero   RW          259    .bss                usb_endp.o
    0x20001a06   0x08004970   0x00000002   PAD
    0x20001a08        -       0x0000001c   Zero   RW          441    .bss                usb_init.o
    0x20001a24        -       0x00000060   Zero   RW          879    .bss                c_w.l(libspace.o)
    0x20001a84   0x08004970   0x00000004   PAD
    0x20001a88        -       0x00000200   Zero   RW          585    HEAP                startup_stm32f10x_ld.o
    0x20001c88        -       0x00000400   Zero   RW          584    STACK               startup_stm32f10x_ld.o


==============================================================================

Image component sizes


      Code (inc. data)   RO Data    RW Data    ZI Data      Debug   Object Name

       324         20          0          1          0     248108   hw_config.o
      5020        174       2824         65       6194      56716   main.o
       176         14          0          0          0       2017   misc.o
        64         26        236          0       1536        936   startup_stm32f10x_ld.o
       456         10          0          0          0       4774   stm32f10x_dma.o
      1152         22          0          0          0       9368   stm32f10x_flash.o
       612         36          0          0          0       6141   stm32f10x_gpio.o
        20          0          0          0          0       1281   stm32f10x_it.o
       696         32          0         20          0       9112   stm32f10x_rcc.o
       628         14          0          0          0       7166   stm32f10x_spi.o
       324         28          0         20          0       2123   system_stm32f10x.o
      2000         88          0          4          0       8709   usb_core.o
         0          0        165         26          0       1084   usb_desc.o
       296         42          0         16         64       2469   usb_endp.o
        40         18          0         15         28       4310   usb_init.o
       448         30          0          4          0       2051   usb_int.o
       188         22          0         60          0       1392   usb_istr.o
        68          6          0          0          0       1578   usb_mem.o
       460         22          0        154          0       7544   usb_prop.o
       244         20          0          7          0       2719   usb_pwr.o
      1708         26          0          0          0      11731   usb_regs.o
       108         10          0          0          0       1590   usb_sil.o

    ----------------------------------------------------------------------
     15032        660       3260        404       7824     392919   Object Totals
         0          0         32          0          0          0   (incl. Generated)
         0          0          3         12          2          0   (incl. Padding)

    ----------------------------------------------------------------------

      Code (inc. data)   RO Data    RW Data    ZI Data      Debug   Library Member Name

        90          0          0          0          0          0   __dczerorl2.o
         8          0          0          0          0         68   __main.o
         0          0          0          0          0          0   __rtentry.o
        12          0          0          0          0          0   __rtentry2.o
         6          0          0          0          0          0   __rtentry4.o
        52          8          0          0          0          0   __scatter.o
        28          0          0          0          0          0   __scatter_zi.o
        18          0          0          0          0         80   exit.o
         6          0          0          0          0        152   heapauxi.o
         0          0          0          0          0          0   indicate_semi.o
         2          0          0          0          0          0   libinit.o
         2          0          0          0          0          0   libinit2.o
         2          0          0          0          0          0   libshutdown.o
         2          0          0          0          0          0   libshutdown2.o
         8          4          0          0         96         68   libspace.o
         2          0          0          0          0          0   rtexit.o
        10          0          0          0          0          0   rtexit2.o
        12          4          0          0          0         68   sys_exit.o
        74          0          0          0          0         80   sys_stackheap_outer.o
         2          0          0          0          0         68   use_no_semi.o

    ----------------------------------------------------------------------
       344         16          0          0        100        584   Library Totals
         8          0          0          0          4          0   (incl. Padding)

    ----------------------------------------------------------------------

      Code (inc. data)   RO Data    RW Data    ZI Data      Debug   Library Name

       336         16          0          0         96        584   c_w.l

    ----------------------------------------------------------------------
       344         16          0          0        100        584   Library Totals

    ----------------------------------------------------------------------

==============================================================================


      Code (inc. data)   RO Data    RW Data    ZI Data      Debug   

     15376        676       3260        404       7924     390691   Grand Totals
     15376        676       3260        164       7924     390691   ELF Image Totals (compressed)
     15376        676       3260        164          0          0   ROM Totals

==============================================================================

    Total RO  Size (Code + RO Data)                18636 (  18.20kB)
    Total RW  Size (RW Data + ZI Data)              8328 (   8.13kB)
    Total ROM Size (Code + RO Data + RW Data)      18800 (  18.36kB)

==============================================================================

