<html>
<body>
<pre>
<h1>µVision Build Log</h1>
<h2>Tool Versions:</h2>
IDE-Version: µVision V5.26.2.0
Copyright (C) 2018 ARM Ltd and ARM Germany GmbH. All rights reserved.
License Information: Nguyen Minh Duc DELL, 1, LIC=JL28T-RNZGH-Z9KG9-4JLC0-4TU5N-FI3AP
 
Tool Versions:
Toolchain:       MDK-ARM Plus  Version: 5.26.2.0
Toolchain Path:  C:\Keil_v5\ARM\ARMCC\Bin
C Compiler:      Armcc.exe V5.06 update 6 (build 750)
Assembler:       Armasm.exe V5.06 update 6 (build 750)
Linker/Locator:  ArmLink.exe V5.06 update 6 (build 750)
Library Manager: ArmAr.exe V5.06 update 6 (build 750)
Hex Converter:   FromElf.exe V5.06 update 6 (build 750)
CPU DLL:         SARMCM3.DLL V5.26.2.0
Dialog DLL:      DCM.DLL V1.17.2.0
Target DLL:      STLink\ST-LINKIII-KEIL_SWO.dll V3.0.5.0
Dialog DLL:      TCM.DLL V1.36.1.0
 
<h2>Project:</h2>
C:\Users\User\Desktop\LEDTEST\codestm32f1\Project\Virtual_COM_Port\MDK-ARM\STM32-NRF-USB.uvprojx
Project File Date:  08/15/2020

<h2>Output:</h2>
*** Using Compiler 'V5.06 update 6 (build 750)', folder: 'C:\Keil_v5\ARM\ARMCC\Bin'
Build target 'NRF-USB'
compiling main.c...
..\src\main.c(400): warning:  #177-D: variable "HSIStartUpStatus"  was declared but never referenced
   ErrorStatus HSIStartUpStatus; 
..\src\main.c(445): warning:  #177-D: variable "ij"  was declared but never referenced
  	uint32_t ik,ij;
..\src\main.c(447): warning:  #177-D: variable "tt"  was declared but never referenced
  	uint8_t tt[4];
..\src\main.c(491): warning:  #177-D: variable "h1"  was declared but never referenced
  	int k,h1=0,h2=6144;
..\src\main.c(491): warning:  #177-D: variable "h2"  was declared but never referenced
  	int k,h1=0,h2=6144;
..\src\main.c(492): warning:  #177-D: variable "l"  was declared but never referenced
  	uint8_t i,l,d=0;
..\src\main.c(492): warning:  #177-D: variable "d"  was declared but never referenced
  	uint8_t i,l,d=0;
..\src\main.c(562): warning:  #177-D: variable "h1"  was declared but never referenced
  	int k,h1=0,h2=6144;
..\src\main.c(562): warning:  #177-D: variable "h2"  was declared but never referenced
  	int k,h1=0,h2=6144;
..\src\main.c(563): warning:  #177-D: variable "l"  was declared but never referenced
  	uint8_t i,l,d=0;
..\src\main.c(563): warning:  #177-D: variable "d"  was declared but never referenced
  	uint8_t i,l,d=0;
..\src\main.c(567): warning:  #177-D: variable "pa"  was declared but never referenced
    uint8_t pa[6]={0xFF,0xFF,0xFF,0x00,0x00,0x00};
..\src\main.c(572): warning:  #177-D: variable "ca"  was declared but never referenced
    uint32_t ca=0x808080;
..\src\main.c(660): warning:  #177-D: variable "h1"  was declared but never referenced
  	int k,h1=0,h2=6144;
..\src\main.c(660): warning:  #177-D: variable "h2"  was declared but never referenced
  	int k,h1=0,h2=6144;
..\src\main.c(661): warning:  #177-D: variable "l"  was declared but never referenced
  	uint8_t i,l,d=0;
..\src\main.c(661): warning:  #177-D: variable "d"  was declared but never referenced
  	uint8_t i,l,d=0;
..\src\main.c(908): warning:  #177-D: variable "j"  was declared but never referenced
  	 int i,j;
..\src\main.c(1107): warning:  #177-D: variable "j"  was declared but never referenced
    int i,j;
..\src\main.c(1108): warning:  #177-D: variable "dem"  was declared but never referenced
  	int dem=1;
..\src\main.c(1109): warning:  #177-D: variable "demnut"  was declared but never referenced
  	int demnut=0;
..\src\main.c(1110): warning:  #177-D: variable "chedo"  was declared but never referenced
  	uint8_t chedo=0;
..\src\main.c(1111): warning:  #177-D: variable "test"  was declared but never referenced
  	uint8_t test=0;
..\src\main.c(1112): warning:  #177-D: variable "demmau"  was declared but never referenced
  	uint8_t demmau=0;
..\src\main.c(1113): warning:  #177-D: variable "demauto"  was declared but never referenced
  	int demauto=0;
..\src\main.c(1114): warning:  #177-D: variable "autochay"  was declared but never referenced
  	uint8_t autochay=0;
..\src\main.c: 26 warnings, 0 errors
linking...
Program Size: Code=15376 RO-data=3260 RW-data=404 ZI-data=7924  
FromELF: creating hex file...
".\OBJ\STM32-NRF-USB.axf" - 0 Error(s), 26 Warning(s).

<h2>Software Packages used:</h2>

Package Vendor: ARM
                http://www.keil.com/pack/ARM.CMSIS.4.5.0.pack
                ARM.CMSIS.4.5.0
                CMSIS (Cortex Microcontroller Software Interface Standard)
   * Component: CORE Version: 4.3.0

Package Vendor: Keil
                http://www.keil.com/pack/Keil.STM32F1xx_DFP.2.1.0.pack
                Keil.STM32F1xx_DFP.2.1.0
                STMicroelectronics STM32F1 Series Device Support, Drivers and Examples
   * Component: BKP Version: 3.5.0
   * Component: DMA Version: 3.5.0
   * Component: EXTI Version: 3.5.0
   * Component: Flash Version: 3.5.0
   * Component: Framework Version: 3.5.1
   * Component: GPIO Version: 3.5.0
   * Component: PWR Version: 3.5.0
   * Component: RCC Version: 3.5.0
   * Component: SPI Version: 3.5.0

<h2>Collection of Component include folders:</h2>
  .\RTE\_NRF-USB
  C:\Keil_v5\ARM\PACK\ARM\CMSIS\4.5.0\CMSIS\Include
  C:\Keil_v5\ARM\PACK\Keil\STM32F1xx_DFP\2.1.0\Device\Include
  C:\Keil_v5\ARM\PACK\Keil\STM32F1xx_DFP\2.1.0\Device\StdPeriph_Driver\inc

<h2>Collection of Component Files used:</h2>

   * Component: ARM::CMSIS:CORE:4.3.0

   * Component: Keil::Device:StdPeriph Drivers:BKP:3.5.0
      Include file:  Device\StdPeriph_Driver\inc\stm32f10x_bkp.h
      Source file:   Device\StdPeriph_Driver\src\stm32f10x_bkp.c

   * Component: Keil::Device:StdPeriph Drivers:DMA:3.5.0
      Source file:   Device\StdPeriph_Driver\src\stm32f10x_dma.c
      Include file:  Device\StdPeriph_Driver\inc\stm32f10x_dma.h

   * Component: Keil::Device:StdPeriph Drivers:EXTI:3.5.0
      Include file:  Device\StdPeriph_Driver\inc\stm32f10x_exti.h
      Source file:   Device\StdPeriph_Driver\src\stm32f10x_exti.c

   * Component: Keil::Device:StdPeriph Drivers:Flash:3.5.0
      Include file:  Device\StdPeriph_Driver\inc\stm32f10x_flash.h
      Source file:   Device\StdPeriph_Driver\src\stm32f10x_flash.c

   * Component: Keil::Device:StdPeriph Drivers:Framework:3.5.1
      Include file:  Device\StdPeriph_Driver\inc\misc.h
      Source file:   Device\StdPeriph_Driver\templates\stm32f10x_conf.h
      Source file:   Device\StdPeriph_Driver\src\misc.c
      Source file:   Device\StdPeriph_Driver\templates\stm32f10x_it.c
      Include file:  Device\StdPeriph_Driver\templates\stm32f10x_it.h

   * Component: Keil::Device:StdPeriph Drivers:GPIO:3.5.0
      Source file:   Device\StdPeriph_Driver\src\stm32f10x_gpio.c
      Include file:  Device\StdPeriph_Driver\inc\stm32f10x_gpio.h

   * Component: Keil::Device:StdPeriph Drivers:PWR:3.5.0
      Include file:  Device\StdPeriph_Driver\inc\stm32f10x_pwr.h
      Source file:   Device\StdPeriph_Driver\src\stm32f10x_pwr.c

   * Component: Keil::Device:StdPeriph Drivers:RCC:3.5.0
      Include file:  Device\StdPeriph_Driver\inc\stm32f10x_rcc.h
      Source file:   Device\StdPeriph_Driver\src\stm32f10x_rcc.c

   * Component: Keil::Device:StdPeriph Drivers:SPI:3.5.0
      Source file:   Device\StdPeriph_Driver\src\stm32f10x_spi.c
      Include file:  Device\StdPeriph_Driver\inc\stm32f10x_spi.h
Build Time Elapsed:  00:00:10
</pre>
</body>
</html>
